Archive member included to satisfy reference by file (symbol)

c:/st/stm32cubeide_1.12.1/stm32cubeide/plugins/com.st.stm32cube.ide.mcu.externaltools.gnu-tools-for-stm32.10.3-2021.10.win32_1.0.200.202301161003/tools/bin/../lib/gcc/arm-none-eabi/10.3.1/../../../../arm-none-eabi/lib/thumb/v7e-m+dp/hard\libc_nano.a(lib_a-errno.o)
                              ./Core/Src/syscalls.o (__errno)
c:/st/stm32cubeide_1.12.1/stm32cubeide/plugins/com.st.stm32cube.ide.mcu.externaltools.gnu-tools-for-stm32.10.3-2021.10.win32_1.0.200.202301161003/tools/bin/../lib/gcc/arm-none-eabi/10.3.1/../../../../arm-none-eabi/lib/thumb/v7e-m+dp/hard\libc_nano.a(lib_a-exit.o)
                              c:/st/stm32cubeide_1.12.1/stm32cubeide/plugins/com.st.stm32cube.ide.mcu.externaltools.gnu-tools-for-stm32.10.3-2021.10.win32_1.0.200.202301161003/tools/bin/../lib/gcc/arm-none-eabi/10.3.1/../../../../arm-none-eabi/lib/thumb/v7e-m+dp/hard/crt0.o (exit)
c:/st/stm32cubeide_1.12.1/stm32cubeide/plugins/com.st.stm32cube.ide.mcu.externaltools.gnu-tools-for-stm32.10.3-2021.10.win32_1.0.200.202301161003/tools/bin/../lib/gcc/arm-none-eabi/10.3.1/../../../../arm-none-eabi/lib/thumb/v7e-m+dp/hard\libc_nano.a(lib_a-impure.o)
                              c:/st/stm32cubeide_1.12.1/stm32cubeide/plugins/com.st.stm32cube.ide.mcu.externaltools.gnu-tools-for-stm32.10.3-2021.10.win32_1.0.200.202301161003/tools/bin/../lib/gcc/arm-none-eabi/10.3.1/../../../../arm-none-eabi/lib/thumb/v7e-m+dp/hard\libc_nano.a(lib_a-exit.o) (_global_impure_ptr)
c:/st/stm32cubeide_1.12.1/stm32cubeide/plugins/com.st.stm32cube.ide.mcu.externaltools.gnu-tools-for-stm32.10.3-2021.10.win32_1.0.200.202301161003/tools/bin/../lib/gcc/arm-none-eabi/10.3.1/../../../../arm-none-eabi/lib/thumb/v7e-m+dp/hard\libc_nano.a(lib_a-init.o)
                              c:/st/stm32cubeide_1.12.1/stm32cubeide/plugins/com.st.stm32cube.ide.mcu.externaltools.gnu-tools-for-stm32.10.3-2021.10.win32_1.0.200.202301161003/tools/bin/../lib/gcc/arm-none-eabi/10.3.1/../../../../arm-none-eabi/lib/thumb/v7e-m+dp/hard/crt0.o (__libc_init_array)
c:/st/stm32cubeide_1.12.1/stm32cubeide/plugins/com.st.stm32cube.ide.mcu.externaltools.gnu-tools-for-stm32.10.3-2021.10.win32_1.0.200.202301161003/tools/bin/../lib/gcc/arm-none-eabi/10.3.1/../../../../arm-none-eabi/lib/thumb/v7e-m+dp/hard\libc_nano.a(lib_a-memset.o)
                              c:/st/stm32cubeide_1.12.1/stm32cubeide/plugins/com.st.stm32cube.ide.mcu.externaltools.gnu-tools-for-stm32.10.3-2021.10.win32_1.0.200.202301161003/tools/bin/../lib/gcc/arm-none-eabi/10.3.1/../../../../arm-none-eabi/lib/thumb/v7e-m+dp/hard/crt0.o (memset)

Discarded input sections

 .group         0x0000000000000000        0xc ./Core/Src/Dev_Inf.o
 .group         0x0000000000000000        0xc ./Core/Src/Dev_Inf.o
 .group         0x0000000000000000        0xc ./Core/Src/Dev_Inf.o
 .group         0x0000000000000000        0xc ./Core/Src/Dev_Inf.o
 .group         0x0000000000000000        0xc ./Core/Src/Dev_Inf.o
 .group         0x0000000000000000        0xc ./Core/Src/Dev_Inf.o
 .group         0x0000000000000000        0xc ./Core/Src/Dev_Inf.o
 .group         0x0000000000000000        0xc ./Core/Src/Dev_Inf.o
 .group         0x0000000000000000        0xc ./Core/Src/Dev_Inf.o
 .group         0x0000000000000000        0xc ./Core/Src/Dev_Inf.o
 .group         0x0000000000000000        0xc ./Core/Src/Dev_Inf.o
 .group         0x0000000000000000        0xc ./Core/Src/Dev_Inf.o
 .group         0x0000000000000000        0xc ./Core/Src/Dev_Inf.o
 .group         0x0000000000000000        0xc ./Core/Src/Dev_Inf.o
 .group         0x0000000000000000        0xc ./Core/Src/Dev_Inf.o
 .group         0x0000000000000000        0xc ./Core/Src/Dev_Inf.o
 .group         0x0000000000000000        0xc ./Core/Src/Dev_Inf.o
 .group         0x0000000000000000        0xc ./Core/Src/Dev_Inf.o
 .group         0x0000000000000000        0xc ./Core/Src/Dev_Inf.o
 .group         0x0000000000000000        0xc ./Core/Src/Dev_Inf.o
 .group         0x0000000000000000        0xc ./Core/Src/Dev_Inf.o
 .group         0x0000000000000000        0xc ./Core/Src/Dev_Inf.o
 .group         0x0000000000000000        0xc ./Core/Src/Dev_Inf.o
 .group         0x0000000000000000        0xc ./Core/Src/Dev_Inf.o
 .group         0x0000000000000000        0xc ./Core/Src/Dev_Inf.o
 .group         0x0000000000000000        0xc ./Core/Src/Dev_Inf.o
 .group         0x0000000000000000        0xc ./Core/Src/Dev_Inf.o
 .group         0x0000000000000000        0xc ./Core/Src/Dev_Inf.o
 .group         0x0000000000000000        0xc ./Core/Src/Dev_Inf.o
 .group         0x0000000000000000        0xc ./Core/Src/Dev_Inf.o
 .group         0x0000000000000000        0xc ./Core/Src/Dev_Inf.o
 .group         0x0000000000000000        0xc ./Core/Src/Dev_Inf.o
 .group         0x0000000000000000        0xc ./Core/Src/Dev_Inf.o
 .group         0x0000000000000000        0xc ./Core/Src/Dev_Inf.o
 .group         0x0000000000000000        0xc ./Core/Src/Dev_Inf.o
[...]
Memory Configuration

Name             Origin             Length             Attributes
RAM_D1           0x0000000024000004 0x0000000000080000 xrw
*default*        0x0000000000000000 0xffffffffffffffff

Linker script and memory map

LOAD c:/st/stm32cubeide_1.12.1/stm32cubeide/plugins/com.st.stm32cube.ide.mcu.externaltools.gnu-tools-for-stm32.10.3-2021.10.win32_1.0.200.202301161003/tools/bin/../lib/gcc/arm-none-eabi/10.3.1/thumb/v7e-m+dp/hard/crti.o
LOAD c:/st/stm32cubeide_1.12.1/stm32cubeide/plugins/com.st.stm32cube.ide.mcu.externaltools.gnu-tools-for-stm32.10.3-2021.10.win32_1.0.200.202301161003/tools/bin/../lib/gcc/arm-none-eabi/10.3.1/thumb/v7e-m+dp/hard/crtbegin.o
LOAD c:/st/stm32cubeide_1.12.1/stm32cubeide/plugins/com.st.stm32cube.ide.mcu.externaltools.gnu-tools-for-stm32.10.3-2021.10.win32_1.0.200.202301161003/tools/bin/../lib/gcc/arm-none-eabi/10.3.1/../../../../arm-none-eabi/lib/thumb/v7e-m+dp/hard/crt0.o
LOAD ./Core/Src/Dev_Inf.o
LOAD ./Core/Src/Loader_Src.o
LOAD ./Core/Src/gpio.o
LOAD ./Core/Src/main.o
LOAD ./Core/Src/quadspi.o
LOAD ./Core/Src/stm32h7xx_hal_msp.o
LOAD ./Core/Src/stm32h7xx_hal_timebase_tim.o
LOAD ./Core/Src/stm32h7xx_it.o
LOAD ./Core/Src/syscalls.o
LOAD ./Core/Src/sysmem.o
LOAD ./Core/Src/system_stm32h7xx.o
LOAD ./Core/Startup/startup_stm32h750vbtx.o
LOAD ./Drivers/STM32H7xx_HAL_Driver/Src/stm32h7xx_hal.o
LOAD ./Drivers/STM32H7xx_HAL_Driver/Src/stm32h7xx_hal_cortex.o
LOAD ./Drivers/STM32H7xx_HAL_Driver/Src/stm32h7xx_hal_dma.o
LOAD ./Drivers/STM32H7xx_HAL_Driver/Src/stm32h7xx_hal_dma_ex.o
LOAD ./Drivers/STM32H7xx_HAL_Driver/Src/stm32h7xx_hal_exti.o
LOAD ./Drivers/STM32H7xx_HAL_Driver/Src/stm32h7xx_hal_flash.o
LOAD ./Drivers/STM32H7xx_HAL_Driver/Src/stm32h7xx_hal_flash_ex.o
LOAD ./Drivers/STM32H7xx_HAL_Driver/Src/stm32h7xx_hal_gpio.o
LOAD ./Drivers/STM32H7xx_HAL_Driver/Src/stm32h7xx_hal_hsem.o
LOAD ./Drivers/STM32H7xx_HAL_Driver/Src/stm32h7xx_hal_i2c.o
LOAD ./Drivers/STM32H7xx_HAL_Driver/Src/stm32h7xx_hal_i2c_ex.o
LOAD ./Drivers/STM32H7xx_HAL_Driver/Src/stm32h7xx_hal_mdma.o
LOAD ./Drivers/STM32H7xx_HAL_Driver/Src/stm32h7xx_hal_pwr.o
LOAD ./Drivers/STM32H7xx_HAL_Driver/Src/stm32h7xx_hal_pwr_ex.o
LOAD ./Drivers/STM32H7xx_HAL_Driver/Src/stm32h7xx_hal_qspi.o
LOAD ./Drivers/STM32H7xx_HAL_Driver/Src/stm32h7xx_hal_rcc.o
LOAD ./Drivers/STM32H7xx_HAL_Driver/Src/stm32h7xx_hal_rcc_ex.o
LOAD ./Drivers/STM32H7xx_HAL_Driver/Src/stm32h7xx_hal_tim.o
LOAD ./Drivers/STM32H7xx_HAL_Driver/Src/stm32h7xx_hal_tim_ex.o
START GROUP
LOAD c:/st/stm32cubeide_1.12.1/stm32cubeide/plugins/com.st.stm32cube.ide.mcu.externaltools.gnu-tools-for-stm32.10.3-2021.10.win32_1.0.200.202301161003/tools/bin/../lib/gcc/arm-none-eabi/10.3.1/../../../../arm-none-eabi/lib/thumb/v7e-m+dp/hard\libc_nano.a
LOAD c:/st/stm32cubeide_1.12.1/stm32cubeide/plugins/com.st.stm32cube.ide.mcu.externaltools.gnu-tools-for-stm32.10.3-2021.10.win32_1.0.200.202301161003/tools/bin/../lib/gcc/arm-none-eabi/10.3.1/../../../../arm-none-eabi/lib/thumb/v7e-m+dp/hard\libm.a
END GROUP
START GROUP
LOAD c:/st/stm32cubeide_1.12.1/stm32cubeide/plugins/com.st.stm32cube.ide.mcu.externaltools.gnu-tools-for-stm32.10.3-2021.10.win32_1.0.200.202301161003/tools/bin/../lib/gcc/arm-none-eabi/10.3.1/thumb/v7e-m+dp/hard\libgcc.a
LOAD c:/st/stm32cubeide_1.12.1/stm32cubeide/plugins/com.st.stm32cube.ide.mcu.externaltools.gnu-tools-for-stm32.10.3-2021.10.win32_1.0.200.202301161003/tools/bin/../lib/gcc/arm-none-eabi/10.3.1/../../../../arm-none-eabi/lib/thumb/v7e-m+dp/hard\libc_nano.a
END GROUP
START GROUP
LOAD c:/st/stm32cubeide_1.12.1/stm32cubeide/plugins/com.st.stm32cube.ide.mcu.externaltools.gnu-tools-for-stm32.10.3-2021.10.win32_1.0.200.202301161003/tools/bin/../lib/gcc/arm-none-eabi/10.3.1/thumb/v7e-m+dp/hard\libgcc.a
LOAD c:/st/stm32cubeide_1.12.1/stm32cubeide/plugins/com.st.stm32cube.ide.mcu.externaltools.gnu-tools-for-stm32.10.3-2021.10.win32_1.0.200.202301161003/tools/bin/../lib/gcc/arm-none-eabi/10.3.1/../../../../arm-none-eabi/lib/thumb/v7e-m+dp/hard\libc_nano.a
LOAD c:/st/stm32cubeide_1.12.1/stm32cubeide/plugins/com.st.stm32cube.ide.mcu.externaltools.gnu-tools-for-stm32.10.3-2021.10.win32_1.0.200.202301161003/tools/bin/../lib/gcc/arm-none-eabi/10.3.1/../../../../arm-none-eabi/lib/thumb/v7e-m+dp/hard\libnosys.a
END GROUP
START GROUP
LOAD c:/st/stm32cubeide_1.12.1/stm32cubeide/plugins/com.st.stm32cube.ide.mcu.externaltools.gnu-tools-for-stm32.10.3-2021.10.win32_1.0.200.202301161003/tools/bin/../lib/gcc/arm-none-eabi/10.3.1/thumb/v7e-m+dp/hard\libgcc.a
LOAD c:/st/stm32cubeide_1.12.1/stm32cubeide/plugins/com.st.stm32cube.ide.mcu.externaltools.gnu-tools-for-stm32.10.3-2021.10.win32_1.0.200.202301161003/tools/bin/../lib/gcc/arm-none-eabi/10.3.1/../../../../arm-none-eabi/lib/thumb/v7e-m+dp/hard\libc_nano.a
LOAD c:/st/stm32cubeide_1.12.1/stm32cubeide/plugins/com.st.stm32cube.ide.mcu.externaltools.gnu-tools-for-stm32.10.3-2021.10.win32_1.0.200.202301161003/tools/bin/../lib/gcc/arm-none-eabi/10.3.1/../../../../arm-none-eabi/lib/thumb/v7e-m+dp/hard\libnosys.a
END GROUP
LOAD c:/st/stm32cubeide_1.12.1/stm32cubeide/plugins/com.st.stm32cube.ide.mcu.externaltools.gnu-tools-for-stm32.10.3-2021.10.win32_1.0.200.202301161003/tools/bin/../lib/gcc/arm-none-eabi/10.3.1/thumb/v7e-m+dp/hard/crtend.o
LOAD c:/st/stm32cubeide_1.12.1/stm32cubeide/plugins/com.st.stm32cube.ide.mcu.externaltools.gnu-tools-for-stm32.10.3-2021.10.win32_1.0.200.202301161003/tools/bin/../lib/gcc/arm-none-eabi/10.3.1/thumb/v7e-m+dp/hard/crtn.o
                0x0000000024080004                _estack = (ORIGIN (RAM_D1) + LENGTH (RAM_D1))
                0x0000000000000200                _Min_Heap_Size = 0x200
                0x0000000000000400                _Min_Stack_Size = 0x400

.isr_vector     0x0000000024000004      0x494
                0x0000000024000200                . = (. + 0x1fc)
 *fill*         0x0000000024000004      0x1fc 
                0x0000000024000200                . = ALIGN (0x4)
 *(.isr_vector)
 .isr_vector    0x0000000024000200      0x298 ./Core/Startup/startup_stm32h750vbtx.o
                0x0000000024000200                g_pfnVectors
                0x0000000024000498                . = ALIGN (0x4)

.ARM.extab      0x0000000024000498        0x0
 *(.ARM.extab* .gnu.linkonce.armextab.*)
 .ARM.extab     0x0000000024000498        0x0 c:/st/stm32cubeide_1.12.1/stm32cubeide/plugins/com.st.stm32cube.ide.mcu.externaltools.gnu-tools-for-stm32.10.3-2021.10.win32_1.0.200.202301161003/tools/bin/../lib/gcc/arm-none-eabi/10.3.1/../../../../arm-none-eabi/lib/thumb/v7e-m+dp/hard/crt0.o

.ARM            0x0000000024000498        0x8
                0x0000000024000498                __exidx_start = .
 *(.ARM.exidx*)
 .ARM.exidx     0x0000000024000498        0x8 c:/st/stm32cubeide_1.12.1/stm32cubeide/plugins/com.st.stm32cube.ide.mcu.externaltools.gnu-tools-for-stm32.10.3-2021.10.win32_1.0.200.202301161003/tools/bin/../lib/gcc/arm-none-eabi/10.3.1/../../../../arm-none-eabi/lib/thumb/v7e-m+dp/hard/crt0.o
                                         0x10 (size before relaxing)
                0x00000000240004a0                __exidx_end = .

.preinit_array  0x00000000240004a0        0x0
                0x00000000240004a0                PROVIDE (__preinit_array_start = .)
 *(.preinit_array*)
                0x00000000240004a0                PROVIDE (__preinit_array_end = .)

.init_array     0x00000000240004a0        0x4
                0x00000000240004a0                PROVIDE (__init_array_start = .)
 *(SORT_BY_NAME(.init_array.*))
 *(.init_array*)
 .init_array    0x00000000240004a0        0x4 c:/st/stm32cubeide_1.12.1/stm32cubeide/plugins/com.st.stm32cube.ide.mcu.externaltools.gnu-tools-for-stm32.10.3-2021.10.win32_1.0.200.202301161003/tools/bin/../lib/gcc/arm-none-eabi/10.3.1/thumb/v7e-m+dp/hard/crtbegin.o
                0x00000000240004a4                PROVIDE (__init_array_end = .)

.fini_array     0x00000000240004a4        0x4
                [!provide]                        PROVIDE (__fini_array_start = .)
 *(SORT_BY_NAME(.fini_array.*))
 *(.fini_array*)
 .fini_array    0x00000000240004a4        0x4 c:/st/stm32cubeide_1.12.1/stm32cubeide/plugins/com.st.stm32cube.ide.mcu.externaltools.gnu-tools-for-stm32.10.3-2021.10.win32_1.0.200.202301161003/tools/bin/../lib/gcc/arm-none-eabi/10.3.1/thumb/v7e-m+dp/hard/crtbegin.o
                [!provide]                        PROVIDE (__fini_array_end = .)
                0x00000000240004a8                _sidata = LOADADDR (.data)

.data           0x00000000240004a8       0x7c
                0x00000000240004a8                . = ALIGN (0x4)
                0x00000000240004a8                _sdata = .
 *(.data)
 .data          0x00000000240004a8        0x0 c:/st/stm32cubeide_1.12.1/stm32cubeide/plugins/com.st.stm32cube.ide.mcu.externaltools.gnu-tools-for-stm32.10.3-2021.10.win32_1.0.200.202301161003/tools/bin/../lib/gcc/arm-none-eabi/10.3.1/thumb/v7e-m+dp/hard/crti.o
 .data          0x00000000240004a8        0x4 c:/st/stm32cubeide_1.12.1/stm32cubeide/plugins/com.st.stm32cube.ide.mcu.externaltools.gnu-tools-for-stm32.10.3-2021.10.win32_1.0.200.202301161003/tools/bin/../lib/gcc/arm-none-eabi/10.3.1/thumb/v7e-m+dp/hard/crtbegin.o
                0x00000000240004a8                __dso_handle
 .data          0x00000000240004ac        0x0 c:/st/stm32cubeide_1.12.1/stm32cubeide/plugins/com.st.stm32cube.ide.mcu.externaltools.gnu-tools-for-stm32.10.3-2021.10.win32_1.0.200.202301161003/tools/bin/../lib/gcc/arm-none-eabi/10.3.1/../../../../arm-none-eabi/lib/thumb/v7e-m+dp/hard/crt0.o
 .data          0x00000000240004ac        0x0 ./Core/Src/Dev_Inf.o
 .data          0x00000000240004ac        0x0 ./Core/Src/Loader_Src.o
 .data          0x00000000240004ac        0x0 ./Core/Src/gpio.o
 .data          0x00000000240004ac        0x0 ./Core/Src/main.o
 .data          0x00000000240004ac        0x0 ./Core/Src/quadspi.o
 .data          0x00000000240004ac        0x0 ./Core/Src/stm32h7xx_hal_msp.o
 .data          0x00000000240004ac        0x0 ./Core/Src/stm32h7xx_hal_timebase_tim.o
 .data          0x00000000240004ac        0x0 ./Core/Src/stm32h7xx_it.o
 .data          0x00000000240004ac        0x0 ./Core/Src/syscalls.o
 .data          0x00000000240004ac        0x0 ./Core/Src/sysmem.o
 .data          0x00000000240004ac        0x0 ./Core/Src/system_stm32h7xx.o
 .data          0x00000000240004ac        0x0 ./Core/Startup/startup_stm32h750vbtx.o
 .data          0x00000000240004ac        0x0 ./Drivers/STM32H7xx_HAL_Driver/Src/stm32h7xx_hal.o
 .data          0x00000000240004ac        0x0 ./Drivers/STM32H7xx_HAL_Driver/Src/stm32h7xx_hal_cortex.o
 .data          0x00000000240004ac        0x0 ./Drivers/STM32H7xx_HAL_Driver/Src/stm32h7xx_hal_dma.o
 .data          0x00000000240004ac        0x0 ./Drivers/STM32H7xx_HAL_Driver/Src/stm32h7xx_hal_dma_ex.o
 .data          0x00000000240004ac        0x0 ./Drivers/STM32H7xx_HAL_Driver/Src/stm32h7xx_hal_exti.o
 .data          0x00000000240004ac        0x0 ./Drivers/STM32H7xx_HAL_Driver/Src/stm32h7xx_hal_flash.o
 .data          0x00000000240004ac        0x0 ./Drivers/STM32H7xx_HAL_Driver/Src/stm32h7xx_hal_flash_ex.o
 .data          0x00000000240004ac        0x0 ./Drivers/STM32H7xx_HAL_Driver/Src/stm32h7xx_hal_gpio.o
 .data          0x00000000240004ac        0x0 ./Drivers/STM32H7xx_HAL_Driver/Src/stm32h7xx_hal_hsem.o
 .data          0x00000000240004ac        0x0 ./Drivers/STM32H7xx_HAL_Driver/Src/stm32h7xx_hal_i2c.o
 .data          0x00000000240004ac        0x0 ./Drivers/STM32H7xx_HAL_Driver/Src/stm32h7xx_hal_i2c_ex.o
 .data          0x00000000240004ac        0x0 ./Drivers/STM32H7xx_HAL_Driver/Src/stm32h7xx_hal_mdma.o
 .data          0x00000000240004ac        0x0 ./Drivers/STM32H7xx_HAL_Driver/Src/stm32h7xx_hal_pwr.o
 .data          0x00000000240004ac        0x0 ./Drivers/STM32H7xx_HAL_Driver/Src/stm32h7xx_hal_pwr_ex.o
 .data          0x00000000240004ac        0x0 ./Drivers/STM32H7xx_HAL_Driver/Src/stm32h7xx_hal_qspi.o
 .data          0x00000000240004ac        0x0 ./Drivers/STM32H7xx_HAL_Driver/Src/stm32h7xx_hal_rcc.o
 .data          0x00000000240004ac        0x0 ./Drivers/STM32H7xx_HAL_Driver/Src/stm32h7xx_hal_rcc_ex.o
 .data          0x00000000240004ac        0x0 ./Drivers/STM32H7xx_HAL_Driver/Src/stm32h7xx_hal_tim.o
 .data          0x00000000240004ac        0x0 ./Drivers/STM32H7xx_HAL_Driver/Src/stm32h7xx_hal_tim_ex.o
 .data          0x00000000240004ac        0x0 c:/st/stm32cubeide_1.12.1/stm32cubeide/plugins/com.st.stm32cube.ide.mcu.externaltools.gnu-tools-for-stm32.10.3-2021.10.win32_1.0.200.202301161003/tools/bin/../lib/gcc/arm-none-eabi/10.3.1/../../../../arm-none-eabi/lib/thumb/v7e-m+dp/hard\libc_nano.a(lib_a-errno.o)
 .data          0x00000000240004ac        0x0 c:/st/stm32cubeide_1.12.1/stm32cubeide/plugins/com.st.stm32cube.ide.mcu.externaltools.gnu-tools-for-stm32.10.3-2021.10.win32_1.0.200.202301161003/tools/bin/../lib/gcc/arm-none-eabi/10.3.1/../../../../arm-none-eabi/lib/thumb/v7e-m+dp/hard\libc_nano.a(lib_a-exit.o)
 .data          0x00000000240004ac        0x0 c:/st/stm32cubeide_1.12.1/stm32cubeide/plugins/com.st.stm32cube.ide.mcu.externaltools.gnu-tools-for-stm32.10.3-2021.10.win32_1.0.200.202301161003/tools/bin/../lib/gcc/arm-none-eabi/10.3.1/../../../../arm-none-eabi/lib/thumb/v7e-m+dp/hard\libc_nano.a(lib_a-impure.o)
 .data          0x00000000240004ac        0x0 c:/st/stm32cubeide_1.12.1/stm32cubeide/plugins/com.st.stm32cube.ide.mcu.externaltools.gnu-tools-for-stm32.10.3-2021.10.win32_1.0.200.202301161003/tools/bin/../lib/gcc/arm-none-eabi/10.3.1/../../../../arm-none-eabi/lib/thumb/v7e-m+dp/hard\libc_nano.a(lib_a-init.o)
 .data          0x00000000240004ac        0x0 c:/st/stm32cubeide_1.12.1/stm32cubeide/plugins/com.st.stm32cube.ide.mcu.externaltools.gnu-tools-for-stm32.10.3-2021.10.win32_1.0.200.202301161003/tools/bin/../lib/gcc/arm-none-eabi/10.3.1/../../../../arm-none-eabi/lib/thumb/v7e-m+dp/hard\libc_nano.a(lib_a-memset.o)
 .data          0x00000000240004ac        0x0 c:/st/stm32cubeide_1.12.1/stm32cubeide/plugins/com.st.stm32cube.ide.mcu.externaltools.gnu-tools-for-stm32.10.3-2021.10.win32_1.0.200.202301161003/tools/bin/../lib/gcc/arm-none-eabi/10.3.1/thumb/v7e-m+dp/hard/crtend.o
 .data          0x00000000240004ac        0x0 c:/st/stm32cubeide_1.12.1/stm32cubeide/plugins/com.st.stm32cube.ide.mcu.externaltools.gnu-tools-for-stm32.10.3-2021.10.win32_1.0.200.202301161003/tools/bin/../lib/gcc/arm-none-eabi/10.3.1/thumb/v7e-m+dp/hard/crtn.o
 *(.data*)
 .data.environ  0x00000000240004ac        0x4 ./Core/Src/syscalls.o
                0x00000000240004ac                environ
 .data.SystemCoreClock
                0x00000000240004b0        0x4 ./Core/Src/system_stm32h7xx.o
                0x00000000240004b0                SystemCoreClock
 .data.SystemD2Clock
                0x00000000240004b4        0x4 ./Core/Src/system_stm32h7xx.o
                0x00000000240004b4                SystemD2Clock
 .data.uwTickPrio
                0x00000000240004b8        0x4 ./Drivers/STM32H7xx_HAL_Driver/Src/stm32h7xx_hal.o
                0x00000000240004b8                uwTickPrio
 .data.uwTickFreq
                0x00000000240004bc        0x1 ./Drivers/STM32H7xx_HAL_Driver/Src/stm32h7xx_hal.o
                0x00000000240004bc                uwTickFreq
 *fill*         0x00000000240004bd        0x3 
 .data._impure_ptr
                0x00000000240004c0        0x4 c:/st/stm32cubeide_1.12.1/stm32cubeide/plugins/com.st.stm32cube.ide.mcu.externaltools.gnu-tools-for-stm32.10.3-2021.10.win32_1.0.200.202301161003/tools/bin/../lib/gcc/arm-none-eabi/10.3.1/../../../../arm-none-eabi/lib/thumb/v7e-m+dp/hard\libc_nano.a(lib_a-impure.o)
                0x00000000240004c0                _impure_ptr
 .data.impure_data
                0x00000000240004c4       0x60 c:/st/stm32cubeide_1.12.1/stm32cubeide/plugins/com.st.stm32cube.ide.mcu.externaltools.gnu-tools-for-stm32.10.3-2021.10.win32_1.0.200.202301161003/tools/bin/../lib/gcc/arm-none-eabi/10.3.1/../../../../arm-none-eabi/lib/thumb/v7e-m+dp/hard\libc_nano.a(lib_a-impure.o)
                0x0000000024000524                . = ALIGN (0x4)
                0x0000000024000524                _edata = .

.igot.plt       0x0000000024000524        0x0
 .igot.plt      0x0000000024000524        0x0 c:/st/stm32cubeide_1.12.1/stm32cubeide/plugins/com.st.stm32cube.ide.mcu.externaltools.gnu-tools-for-stm32.10.3-2021.10.win32_1.0.200.202301161003/tools/bin/../lib/gcc/arm-none-eabi/10.3.1/thumb/v7e-m+dp/hard/crtbegin.o
                0x0000000024000524                . = ALIGN (0x4)

.bss            0x0000000024000524       0xdc
                0x0000000024000524                _sbss = .
                0x0000000024000524                __bss_start__ = _sbss
 *(.bss)
 .bss           0x0000000024000524        0x0 c:/st/stm32cubeide_1.12.1/stm32cubeide/plugins/com.st.stm32cube.ide.mcu.externaltools.gnu-tools-for-stm32.10.3-2021.10.win32_1.0.200.202301161003/tools/bin/../lib/gcc/arm-none-eabi/10.3.1/thumb/v7e-m+dp/hard/crti.o
 .bss           0x0000000024000524       0x1c c:/st/stm32cubeide_1.12.1/stm32cubeide/plugins/com.st.stm32cube.ide.mcu.externaltools.gnu-tools-for-stm32.10.3-2021.10.win32_1.0.200.202301161003/tools/bin/../lib/gcc/arm-none-eabi/10.3.1/thumb/v7e-m+dp/hard/crtbegin.o
 .bss           0x0000000024000540        0x0 c:/st/stm32cubeide_1.12.1/stm32cubeide/plugins/com.st.stm32cube.ide.mcu.externaltools.gnu-tools-for-stm32.10.3-2021.10.win32_1.0.200.202301161003/tools/bin/../lib/gcc/arm-none-eabi/10.3.1/../../../../arm-none-eabi/lib/thumb/v7e-m+dp/hard/crt0.o
 .bss           0x0000000024000540        0x0 ./Core/Src/Dev_Inf.o
 .bss           0x0000000024000540        0x0 ./Core/Src/Loader_Src.o
 .bss           0x0000000024000540        0x0 ./Core/Src/gpio.o
 .bss           0x0000000024000540        0x0 ./Core/Src/main.o
 .bss           0x0000000024000540        0x0 ./Core/Src/quadspi.o
 .bss           0x0000000024000540        0x0 ./Core/Src/stm32h7xx_hal_msp.o
 .bss           0x0000000024000540        0x0 ./Core/Src/stm32h7xx_hal_timebase_tim.o
 .bss           0x0000000024000540        0x0 ./Core/Src/stm32h7xx_it.o
 .bss           0x0000000024000540        0x0 ./Core/Src/syscalls.o
 .bss           0x0000000024000540        0x0 ./Core/Src/sysmem.o
 .bss           0x0000000024000540        0x0 ./Core/Src/system_stm32h7xx.o
 .bss           0x0000000024000540        0x0 ./Core/Startup/startup_stm32h750vbtx.o
 .bss           0x0000000024000540        0x0 ./Drivers/STM32H7xx_HAL_Driver/Src/stm32h7xx_hal.o
 .bss           0x0000000024000540        0x0 ./Drivers/STM32H7xx_HAL_Driver/Src/stm32h7xx_hal_cortex.o
 .bss           0x0000000024000540        0x0 ./Drivers/STM32H7xx_HAL_Driver/Src/stm32h7xx_hal_dma.o
 .bss           0x0000000024000540        0x0 ./Drivers/STM32H7xx_HAL_Driver/Src/stm32h7xx_hal_dma_ex.o
 .bss           0x0000000024000540        0x0 ./Drivers/STM32H7xx_HAL_Driver/Src/stm32h7xx_hal_exti.o
 .bss           0x0000000024000540        0x0 ./Drivers/STM32H7xx_HAL_Driver/Src/stm32h7xx_hal_flash.o
 .bss           0x0000000024000540        0x0 ./Drivers/STM32H7xx_HAL_Driver/Src/stm32h7xx_hal_flash_ex.o
 .bss           0x0000000024000540        0x0 ./Drivers/STM32H7xx_HAL_Driver/Src/stm32h7xx_hal_gpio.o
 .bss           0x0000000024000540        0x0 ./Drivers/STM32H7xx_HAL_Driver/Src/stm32h7xx_hal_hsem.o
 .bss           0x0000000024000540        0x0 ./Drivers/STM32H7xx_HAL_Driver/Src/stm32h7xx_hal_i2c.o
 .bss           0x0000000024000540        0x0 ./Drivers/STM32H7xx_HAL_Driver/Src/stm32h7xx_hal_i2c_ex.o
 .bss           0x0000000024000540        0x0 ./Drivers/STM32H7xx_HAL_Driver/Src/stm32h7xx_hal_mdma.o
 .bss           0x0000000024000540        0x0 ./Drivers/STM32H7xx_HAL_Driver/Src/stm32h7xx_hal_pwr.o
 .bss           0x0000000024000540        0x0 ./Drivers/STM32H7xx_HAL_Driver/Src/stm32h7xx_hal_pwr_ex.o
 .bss           0x0000000024000540        0x0 ./Drivers/STM32H7xx_HAL_Driver/Src/stm32h7xx_hal_qspi.o
 .bss           0x0000000024000540        0x0 ./Drivers/STM32H7xx_HAL_Driver/Src/stm32h7xx_hal_rcc.o
 .bss           0x0000000024000540        0x0 ./Drivers/STM32H7xx_HAL_Driver/Src/stm32h7xx_hal_rcc_ex.o
 .bss           0x0000000024000540        0x0 ./Drivers/STM32H7xx_HAL_Driver/Src/stm32h7xx_hal_tim.o
 .bss           0x0000000024000540        0x0 ./Drivers/STM32H7xx_HAL_Driver/Src/stm32h7xx_hal_tim_ex.o
 .bss           0x0000000024000540        0x0 c:/st/stm32cubeide_1.12.1/stm32cubeide/plugins/com.st.stm32cube.ide.mcu.externaltools.gnu-tools-for-stm32.10.3-2021.10.win32_1.0.200.202301161003/tools/bin/../lib/gcc/arm-none-eabi/10.3.1/../../../../arm-none-eabi/lib/thumb/v7e-m+dp/hard\libc_nano.a(lib_a-errno.o)
 .bss           0x0000000024000540        0x0 c:/st/stm32cubeide_1.12.1/stm32cubeide/plugins/com.st.stm32cube.ide.mcu.externaltools.gnu-tools-for-stm32.10.3-2021.10.win32_1.0.200.202301161003/tools/bin/../lib/gcc/arm-none-eabi/10.3.1/../../../../arm-none-eabi/lib/thumb/v7e-m+dp/hard\libc_nano.a(lib_a-exit.o)
 .bss           0x0000000024000540        0x0 c:/st/stm32cubeide_1.12.1/stm32cubeide/plugins/com.st.stm32cube.ide.mcu.externaltools.gnu-tools-for-stm32.10.3-2021.10.win32_1.0.200.202301161003/tools/bin/../lib/gcc/arm-none-eabi/10.3.1/../../../../arm-none-eabi/lib/thumb/v7e-m+dp/hard\libc_nano.a(lib_a-impure.o)
 .bss           0x0000000024000540        0x0 c:/st/stm32cubeide_1.12.1/stm32cubeide/plugins/com.st.stm32cube.ide.mcu.externaltools.gnu-tools-for-stm32.10.3-2021.10.win32_1.0.200.202301161003/tools/bin/../lib/gcc/arm-none-eabi/10.3.1/../../../../arm-none-eabi/lib/thumb/v7e-m+dp/hard\libc_nano.a(lib_a-init.o)
 .bss           0x0000000024000540        0x0 c:/st/stm32cubeide_1.12.1/stm32cubeide/plugins/com.st.stm32cube.ide.mcu.externaltools.gnu-tools-for-stm32.10.3-2021.10.win32_1.0.200.202301161003/tools/bin/../lib/gcc/arm-none-eabi/10.3.1/../../../../arm-none-eabi/lib/thumb/v7e-m+dp/hard\libc_nano.a(lib_a-memset.o)
 .bss           0x0000000024000540        0x0 c:/st/stm32cubeide_1.12.1/stm32cubeide/plugins/com.st.stm32cube.ide.mcu.externaltools.gnu-tools-for-stm32.10.3-2021.10.win32_1.0.200.202301161003/tools/bin/../lib/gcc/arm-none-eabi/10.3.1/thumb/v7e-m+dp/hard/crtend.o
 .bss           0x0000000024000540        0x0 c:/st/stm32cubeide_1.12.1/stm32cubeide/plugins/com.st.stm32cube.ide.mcu.externaltools.gnu-tools-for-stm32.10.3-2021.10.win32_1.0.200.202301161003/tools/bin/../lib/gcc/arm-none-eabi/10.3.1/thumb/v7e-m+dp/hard/crtn.o
 *(.bss*)
 .bss.hqspi     0x0000000024000540       0x4c ./Core/Src/quadspi.o
                0x0000000024000540                hqspi
 .bss.htim2     0x000000002400058c       0x4c ./Core/Src/stm32h7xx_hal_timebase_tim.o
                0x000000002400058c                htim2
 .bss.__env     0x00000000240005d8        0x4 ./Core/Src/syscalls.o
                0x00000000240005d8                __env
 .bss.__sbrk_heap_end
                0x00000000240005dc        0x4 ./Core/Src/sysmem.o
 .bss.uwTick    0x00000000240005e0        0x4 ./Drivers/STM32H7xx_HAL_Driver/Src/stm32h7xx_hal.o
                0x00000000240005e0                uwTick
 .bss.pFlash    0x00000000240005e4       0x1c ./Drivers/STM32H7xx_HAL_Driver/Src/stm32h7xx_hal_flash.o
                0x00000000240005e4                pFlash
 *(COMMON)
                0x0000000024000600                . = ALIGN (0x4)
                0x0000000024000600                _ebss = .
                0x0000000024000600                __bss_end__ = _ebss

.text           0x0000000024000600    0x20884
                0x0000000024000600                . = ALIGN (0x4)
 *(.text)
 .text          0x0000000024000600        0x0 c:/st/stm32cubeide_1.12.1/stm32cubeide/plugins/com.st.stm32cube.ide.mcu.externaltools.gnu-tools-for-stm32.10.3-2021.10.win32_1.0.200.202301161003/tools/bin/../lib/gcc/arm-none-eabi/10.3.1/thumb/v7e-m+dp/hard/crti.o
 .text          0x0000000024000600       0x40 c:/st/stm32cubeide_1.12.1/stm32cubeide/plugins/com.st.stm32cube.ide.mcu.externaltools.gnu-tools-for-stm32.10.3-2021.10.win32_1.0.200.202301161003/tools/bin/../lib/gcc/arm-none-eabi/10.3.1/thumb/v7e-m+dp/hard/crtbegin.o
 .text          0x0000000024000640       0x7c c:/st/stm32cubeide_1.12.1/stm32cubeide/plugins/com.st.stm32cube.ide.mcu.externaltools.gnu-tools-for-stm32.10.3-2021.10.win32_1.0.200.202301161003/tools/bin/../lib/gcc/arm-none-eabi/10.3.1/../../../../arm-none-eabi/lib/thumb/v7e-m+dp/hard/crt0.o
                0x0000000024000640                _stack_init
                0x0000000024000648                _start
                0x0000000024000648                _mainCRTStartup
 .text          0x00000000240006bc        0x0 ./Core/Src/Dev_Inf.o
 .text          0x00000000240006bc        0x0 ./Core/Src/Loader_Src.o
 .text          0x00000000240006bc        0x0 ./Core/Src/gpio.o
 .text          0x00000000240006bc        0x0 ./Core/Src/main.o
 .text          0x00000000240006bc        0x0 ./Core/Src/quadspi.o
 .text          0x00000000240006bc        0x0 ./Core/Src/stm32h7xx_hal_msp.o
 .text          0x00000000240006bc        0x0 ./Core/Src/stm32h7xx_hal_timebase_tim.o
 .text          0x00000000240006bc        0x0 ./Core/Src/stm32h7xx_it.o
 .text          0x00000000240006bc        0x0 ./Core/Src/syscalls.o
 .text          0x00000000240006bc        0x0 ./Core/Src/sysmem.o
 .text          0x00000000240006bc        0x0 ./Core/Src/system_stm32h7xx.o
 .text          0x00000000240006bc       0x14 ./Core/Startup/startup_stm32h750vbtx.o
 .text          0x00000000240006d0        0x0 ./Drivers/STM32H7xx_HAL_Driver/Src/stm32h7xx_hal.o
 .text          0x00000000240006d0        0x0 ./Drivers/STM32H7xx_HAL_Driver/Src/stm32h7xx_hal_cortex.o
 .text          0x00000000240006d0        0x0 ./Drivers/STM32H7xx_HAL_Driver/Src/stm32h7xx_hal_dma.o
 .text          0x00000000240006d0        0x0 ./Drivers/STM32H7xx_HAL_Driver/Src/stm32h7xx_hal_dma_ex.o
 .text          0x00000000240006d0        0x0 ./Drivers/STM32H7xx_HAL_Driver/Src/stm32h7xx_hal_exti.o
 .text          0x00000000240006d0        0x0 ./Drivers/STM32H7xx_HAL_Driver/Src/stm32h7xx_hal_flash.o
 .text          0x00000000240006d0        0x0 ./Drivers/STM32H7xx_HAL_Driver/Src/stm32h7xx_hal_flash_ex.o
 .text          0x00000000240006d0        0x0 ./Drivers/STM32H7xx_HAL_Driver/Src/stm32h7xx_hal_gpio.o
 .text          0x00000000240006d0        0x0 ./Drivers/STM32H7xx_HAL_Driver/Src/stm32h7xx_hal_hsem.o
 .text          0x00000000240006d0        0x0 ./Drivers/STM32H7xx_HAL_Driver/Src/stm32h7xx_hal_i2c.o
 .text          0x00000000240006d0        0x0 ./Drivers/STM32H7xx_HAL_Driver/Src/stm32h7xx_hal_i2c_ex.o
 .text          0x00000000240006d0        0x0 ./Drivers/STM32H7xx_HAL_Driver/Src/stm32h7xx_hal_mdma.o
 .text          0x00000000240006d0        0x0 ./Drivers/STM32H7xx_HAL_Driver/Src/stm32h7xx_hal_pwr.o
 .text          0x00000000240006d0        0x0 ./Drivers/STM32H7xx_HAL_Driver/Src/stm32h7xx_hal_pwr_ex.o
 .text          0x00000000240006d0        0x0 ./Drivers/STM32H7xx_HAL_Driver/Src/stm32h7xx_hal_qspi.o
 .text          0x00000000240006d0        0x0 ./Drivers/STM32H7xx_HAL_Driver/Src/stm32h7xx_hal_rcc.o
 .text          0x00000000240006d0        0x0 ./Drivers/STM32H7xx_HAL_Driver/Src/stm32h7xx_hal_rcc_ex.o
 .text          0x00000000240006d0        0x0 ./Drivers/STM32H7xx_HAL_Driver/Src/stm32h7xx_hal_tim.o
 .text          0x00000000240006d0        0x0 ./Drivers/STM32H7xx_HAL_Driver/Src/stm32h7xx_hal_tim_ex.o
 .text          0x00000000240006d0        0x0 c:/st/stm32cubeide_1.12.1/stm32cubeide/plugins/com.st.stm32cube.ide.mcu.externaltools.gnu-tools-for-stm32.10.3-2021.10.win32_1.0.200.202301161003/tools/bin/../lib/gcc/arm-none-eabi/10.3.1/../../../../arm-none-eabi/lib/thumb/v7e-m+dp/hard\libc_nano.a(lib_a-errno.o)
 .text          0x00000000240006d0        0x0 c:/st/stm32cubeide_1.12.1/stm32cubeide/plugins/com.st.stm32cube.ide.mcu.externaltools.gnu-tools-for-stm32.10.3-2021.10.win32_1.0.200.202301161003/tools/bin/../lib/gcc/arm-none-eabi/10.3.1/../../../../arm-none-eabi/lib/thumb/v7e-m+dp/hard\libc_nano.a(lib_a-exit.o)
 .text          0x00000000240006d0        0x0 c:/st/stm32cubeide_1.12.1/stm32cubeide/plugins/com.st.stm32cube.ide.mcu.externaltools.gnu-tools-for-stm32.10.3-2021.10.win32_1.0.200.202301161003/tools/bin/../lib/gcc/arm-none-eabi/10.3.1/../../../../arm-none-eabi/lib/thumb/v7e-m+dp/hard\libc_nano.a(lib_a-impure.o)
 .text          0x00000000240006d0        0x0 c:/st/stm32cubeide_1.12.1/stm32cubeide/plugins/com.st.stm32cube.ide.mcu.externaltools.gnu-tools-for-stm32.10.3-2021.10.win32_1.0.200.202301161003/tools/bin/../lib/gcc/arm-none-eabi/10.3.1/../../../../arm-none-eabi/lib/thumb/v7e-m+dp/hard\libc_nano.a(lib_a-init.o)
 .text          0x00000000240006d0        0x0 c:/st/stm32cubeide_1.12.1/stm32cubeide/plugins/com.st.stm32cube.ide.mcu.externaltools.gnu-tools-for-stm32.10.3-2021.10.win32_1.0.200.202301161003/tools/bin/../lib/gcc/arm-none-eabi/10.3.1/../../../../arm-none-eabi/lib/thumb/v7e-m+dp/hard\libc_nano.a(lib_a-memset.o)
 .text          0x00000000240006d0        0x0 c:/st/stm32cubeide_1.12.1/stm32cubeide/plugins/com.st.stm32cube.ide.mcu.externaltools.gnu-tools-for-stm32.10.3-2021.10.win32_1.0.200.202301161003/tools/bin/../lib/gcc/arm-none-eabi/10.3.1/thumb/v7e-m+dp/hard/crtend.o
 .text          0x00000000240006d0        0x0 c:/st/stm32cubeide_1.12.1/stm32cubeide/plugins/com.st.stm32cube.ide.mcu.externaltools.gnu-tools-for-stm32.10.3-2021.10.win32_1.0.200.202301161003/tools/bin/../lib/gcc/arm-none-eabi/10.3.1/thumb/v7e-m+dp/hard/crtn.o
 *(.text*)
 .text.Init     0x00000000240006d0       0xb4 ./Core/Src/Loader_Src.o
                0x00000000240006d0                Init
 .text.Write    0x0000000024000784       0x74 ./Core/Src/Loader_Src.o
                0x0000000024000784                Write
 .text.SectorErase
                0x00000000240007f8       0x6c ./Core/Src/Loader_Src.o
                0x00000000240007f8                SectorErase
 .text.MassErase
                0x0000000024000864       0x64 ./Core/Src/Loader_Src.o
                0x0000000024000864                MassErase
 .text.CheckSum
                0x00000000240008c8      0x1c6 ./Core/Src/Loader_Src.o
                0x00000000240008c8                CheckSum
 .text.Verify   0x0000000024000a8e       0xf6 ./Core/Src/Loader_Src.o
                0x0000000024000a8e                Verify
 .text.MX_GPIO_Init
                0x0000000024000b84       0x70 ./Core/Src/gpio.o
                0x0000000024000b84                MX_GPIO_Init
 .text.main     0x0000000024000bf4       0x26 ./Core/Src/main.o
                0x0000000024000bf4                main
 *fill*         0x0000000024000c1a        0x2 
 .text.SystemClock_Config
                0x0000000024000c1c       0xd4 ./Core/Src/main.o
                0x0000000024000c1c                SystemClock_Config
 .text.HAL_TIM_PeriodElapsedCallback
                0x0000000024000cf0       0x1e ./Core/Src/main.o
                0x0000000024000cf0                HAL_TIM_PeriodElapsedCallback
 .text.Error_Handler
                0x0000000024000d0e        0xa ./Core/Src/main.o
                0x0000000024000d0e                Error_Handler
 .text.MX_QUADSPI_Init
                0x0000000024000d18       0x58 ./Core/Src/quadspi.o
                0x0000000024000d18                MX_QUADSPI_Init
 .text.HAL_QSPI_MspInit
                0x0000000024000d70      0x16c ./Core/Src/quadspi.o
                0x0000000024000d70                HAL_QSPI_MspInit
 .text.HAL_QSPI_MspDeInit
                0x0000000024000edc       0x5c ./Core/Src/quadspi.o
                0x0000000024000edc                HAL_QSPI_MspDeInit
 .text.CSP_QUADSPI_Init
                0x0000000024000f38       0x64 ./Core/Src/quadspi.o
                0x0000000024000f38                CSP_QUADSPI_Init
 .text.CSP_QSPI_Erase_Chip
                0x0000000024000f9c       0x78 ./Core/Src/quadspi.o
                0x0000000024000f9c                CSP_QSPI_Erase_Chip
 .text.QSPI_AutoPollingMemReady
                0x0000000024001014       0x70 ./Core/Src/quadspi.o
 .text.QSPI_WriteEnable
                0x0000000024001084       0x94 ./Core/Src/quadspi.o
 .text.QSPI_Configuration
                0x0000000024001118      0x140 ./Core/Src/quadspi.o
 .text.CSP_QSPI_EraseSector
                0x0000000024001258       0xa4 ./Core/Src/quadspi.o
                0x0000000024001258                CSP_QSPI_EraseSector
 .text.CSP_QSPI_WriteMemory
                0x00000000240012fc      0x120 ./Core/Src/quadspi.o
                0x00000000240012fc                CSP_QSPI_WriteMemory
 .text.CSP_QSPI_EnableMemoryMappedMode
                0x000000002400141c       0x78 ./Core/Src/quadspi.o
                0x000000002400141c                CSP_QSPI_EnableMemoryMappedMode
 .text.QSPI_ResetChip
                0x0000000024001494       0xbc ./Core/Src/quadspi.o
 .text.HAL_MspInit
                0x0000000024001550       0x34 ./Core/Src/stm32h7xx_hal_msp.o
                0x0000000024001550                HAL_MspInit
 .text.HAL_InitTick
                0x0000000024001584       0xd4 ./Core/Src/stm32h7xx_hal_timebase_tim.o
                0x0000000024001584                HAL_InitTick
 .text.HAL_SuspendTick
                0x0000000024001658       0x24 ./Core/Src/stm32h7xx_hal_timebase_tim.o
                0x0000000024001658                HAL_SuspendTick
 .text.HAL_ResumeTick
                0x000000002400167c       0x24 ./Core/Src/stm32h7xx_hal_timebase_tim.o
                0x000000002400167c                HAL_ResumeTick
 .text.NMI_Handler
                0x00000000240016a0        0x6 ./Core/Src/stm32h7xx_it.o
                0x00000000240016a0                NMI_Handler
 .text.HardFault_Handler
                0x00000000240016a6        0x6 ./Core/Src/stm32h7xx_it.o
                0x00000000240016a6                HardFault_Handler
 .text.MemManage_Handler
                0x00000000240016ac        0x6 ./Core/Src/stm32h7xx_it.o
                0x00000000240016ac                MemManage_Handler
 .text.BusFault_Handler
                0x00000000240016b2        0x6 ./Core/Src/stm32h7xx_it.o
                0x00000000240016b2                BusFault_Handler
 .text.UsageFault_Handler
                0x00000000240016b8        0x6 ./Core/Src/stm32h7xx_it.o
                0x00000000240016b8                UsageFault_Handler
 .text.SVC_Handler
                0x00000000240016be        0xe ./Core/Src/stm32h7xx_it.o
                0x00000000240016be                SVC_Handler
 .text.DebugMon_Handler
                0x00000000240016cc        0xe ./Core/Src/stm32h7xx_it.o
                0x00000000240016cc                DebugMon_Handler
 .text.PendSV_Handler
                0x00000000240016da        0xe ./Core/Src/stm32h7xx_it.o
                0x00000000240016da                PendSV_Handler
 .text.SysTick_Handler
                0x00000000240016e8        0xe ./Core/Src/stm32h7xx_it.o
                0x00000000240016e8                SysTick_Handler
 *fill*         0x00000000240016f6        0x2 
 .text.TIM2_IRQHandler
                0x00000000240016f8       0x14 ./Core/Src/stm32h7xx_it.o
                0x00000000240016f8                TIM2_IRQHandler
 .text.Custome_ITM_SendChar_ch0
                0x000000002400170c       0x54 ./Core/Src/syscalls.o
                0x000000002400170c                Custome_ITM_SendChar_ch0
 .text.initialise_monitor_handles
                0x0000000024001760        0xe ./Core/Src/syscalls.o
                0x0000000024001760                initialise_monitor_handles
 .text._getpid  0x000000002400176e       0x10 ./Core/Src/syscalls.o
                0x000000002400176e                _getpid
 .text._kill    0x000000002400177e       0x20 ./Core/Src/syscalls.o
                0x000000002400177e                _kill
 .text._exit    0x000000002400179e       0x14 ./Core/Src/syscalls.o
                0x000000002400179e                _exit
 .text._read    0x00000000240017b2       0x3a ./Core/Src/syscalls.o
                0x00000000240017b2                _read
 .text._write   0x00000000240017ec       0x38 ./Core/Src/syscalls.o
                0x00000000240017ec                _write
 .text._close   0x0000000024001824       0x18 ./Core/Src/syscalls.o
                0x0000000024001824                _close
 .text._fstat   0x000000002400183c       0x20 ./Core/Src/syscalls.o
                0x000000002400183c                _fstat
 .text._isatty  0x000000002400185c       0x16 ./Core/Src/syscalls.o
                0x000000002400185c                _isatty
 .text._lseek   0x0000000024001872       0x1a ./Core/Src/syscalls.o
                0x0000000024001872                _lseek
 .text._open    0x000000002400188c       0x1c ./Core/Src/syscalls.o
                0x000000002400188c                _open
 .text._wait    0x00000000240018a8       0x1e ./Core/Src/syscalls.o
                0x00000000240018a8                _wait
 .text._unlink  0x00000000240018c6       0x1e ./Core/Src/syscalls.o
                0x00000000240018c6                _unlink
 .text._times   0x00000000240018e4       0x18 ./Core/Src/syscalls.o
                0x00000000240018e4                _times
 .text._stat    0x00000000240018fc       0x20 ./Core/Src/syscalls.o
                0x00000000240018fc                _stat
 .text._link    0x000000002400191c       0x20 ./Core/Src/syscalls.o
                0x000000002400191c                _link
 .text._fork    0x000000002400193c       0x16 ./Core/Src/syscalls.o
                0x000000002400193c                _fork
 .text._execve  0x0000000024001952       0x22 ./Core/Src/syscalls.o
                0x0000000024001952                _execve
 .text._sbrk    0x0000000024001974       0x6c ./Core/Src/sysmem.o
                0x0000000024001974                _sbrk
 .text.SystemInit
                0x00000000240019e0      0x110 ./Core/Src/system_stm32h7xx.o
                0x00000000240019e0                SystemInit
 .text.SystemCoreClockUpdate
                0x0000000024001af0      0x2f4 ./Core/Src/system_stm32h7xx.o
                0x0000000024001af0                SystemCoreClockUpdate
 .text.Reset_Handler
                0x0000000024001de4       0x50 ./Core/Startup/startup_stm32h750vbtx.o
                0x0000000024001de4                Reset_Handler
 .text.Default_Handler
                0x0000000024001e34        0x2 ./Core/Startup/startup_stm32h750vbtx.o
                0x0000000024001e34                RTC_Alarm_IRQHandler
                0x0000000024001e34                HASH_RNG_IRQHandler
                0x0000000024001e34                EXTI2_IRQHandler
                0x0000000024001e34                TIM8_CC_IRQHandler
                0x0000000024001e34                HRTIM1_Master_IRQHandler
                0x0000000024001e34                UART8_IRQHandler
                0x0000000024001e34                SPI4_IRQHandler
                0x0000000024001e34                TIM1_CC_IRQHandler
                0x0000000024001e34                BDMA_Channel6_IRQHandler
                0x0000000024001e34                DMA2_Stream5_IRQHandler
                0x0000000024001e34                HRTIM1_FLT_IRQHandler
                0x0000000024001e34                JPEG_IRQHandler
                0x0000000024001e34                DMA1_Stream5_IRQHandler
                0x0000000024001e34                BDMA_Channel1_IRQHandler
                0x0000000024001e34                HRTIM1_TIMD_IRQHandler
                0x0000000024001e34                TAMP_STAMP_IRQHandler
                0x0000000024001e34                EXTI3_IRQHandler
                0x0000000024001e34                LPTIM4_IRQHandler
                0x0000000024001e34                TIM8_TRG_COM_TIM14_IRQHandler
                0x0000000024001e34                LPTIM2_IRQHandler
                0x0000000024001e34                DFSDM1_FLT1_IRQHandler
                0x0000000024001e34                DMAMUX2_OVR_IRQHandler
                0x0000000024001e34                TIM8_UP_TIM13_IRQHandler
                0x0000000024001e34                I2C3_ER_IRQHandler
                0x0000000024001e34                DFSDM1_FLT2_IRQHandler
                0x0000000024001e34                MDMA_IRQHandler
                0x0000000024001e34                LPTIM3_IRQHandler
                0x0000000024001e34                HSEM1_IRQHandler
                0x0000000024001e34                EXTI0_IRQHandler
                0x0000000024001e34                I2C2_EV_IRQHandler
                0x0000000024001e34                DMA1_Stream2_IRQHandler
                0x0000000024001e34                FPU_IRQHandler
                0x0000000024001e34                OTG_HS_WKUP_IRQHandler
                0x0000000024001e34                FDCAN1_IT1_IRQHandler
                0x0000000024001e34                LTDC_ER_IRQHandler
                0x0000000024001e34                DMA2_Stream2_IRQHandler
                0x0000000024001e34                HRTIM1_TIME_IRQHandler
                0x0000000024001e34                SPI1_IRQHandler
                0x0000000024001e34                TIM6_DAC_IRQHandler
                0x0000000024001e34                DCMI_IRQHandler
                0x0000000024001e34                HRTIM1_TIMC_IRQHandler
                0x0000000024001e34                DMA2_Stream3_IRQHandler
                0x0000000024001e34                SAI2_IRQHandler
                0x0000000024001e34                DFSDM1_FLT3_IRQHandler
                0x0000000024001e34                USART6_IRQHandler
                0x0000000024001e34                TIM17_IRQHandler
                0x0000000024001e34                USART3_IRQHandler
                0x0000000024001e34                BDMA_Channel7_IRQHandler
                0x0000000024001e34                CRYP_IRQHandler
                0x0000000024001e34                LPTIM5_IRQHandler
                0x0000000024001e34                UART5_IRQHandler
                0x0000000024001e34                ADC3_IRQHandler
                0x0000000024001e34                DMA2_Stream0_IRQHandler
                0x0000000024001e34                TIM4_IRQHandler
                0x0000000024001e34                BDMA_Channel2_IRQHandler
                0x0000000024001e34                QUADSPI_IRQHandler
                0x0000000024001e34                I2C1_EV_IRQHandler
                0x0000000024001e34                DMA1_Stream6_IRQHandler
                0x0000000024001e34                DMAMUX1_OVR_IRQHandler
                0x0000000024001e34                DMA1_Stream1_IRQHandler
                0x0000000024001e34                TIM16_IRQHandler
                0x0000000024001e34                UART4_IRQHandler
                0x0000000024001e34                BDMA_Channel5_IRQHandler
                0x0000000024001e34                TIM3_IRQHandler
                0x0000000024001e34                RCC_IRQHandler
                0x0000000024001e34                TIM8_BRK_TIM12_IRQHandler
                0x0000000024001e34                TIM1_TRG_COM_IRQHandler
                0x0000000024001e34                Default_Handler
                0x0000000024001e34                ECC_IRQHandler
                0x0000000024001e34                CEC_IRQHandler
                0x0000000024001e34                EXTI15_10_IRQHandler
                0x0000000024001e34                BDMA_Channel0_IRQHandler
                0x0000000024001e34                ADC_IRQHandler
                0x0000000024001e34                DMA1_Stream7_IRQHandler
                0x0000000024001e34                HRTIM1_TIMA_IRQHandler
                0x0000000024001e34                SPI5_IRQHandler
                0x0000000024001e34                TIM7_IRQHandler
                0x0000000024001e34                SDMMC1_IRQHandler
                0x0000000024001e34                TIM5_IRQHandler
                0x0000000024001e34                DMA2_Stream7_IRQHandler
                0x0000000024001e34                TIM15_IRQHandler
                0x0000000024001e34                PVD_AVD_IRQHandler
                0x0000000024001e34                I2C3_EV_IRQHandler
                0x0000000024001e34                EXTI9_5_IRQHandler
                0x0000000024001e34                RTC_WKUP_IRQHandler
                0x0000000024001e34                LTDC_IRQHandler
                0x0000000024001e34                SAI3_IRQHandler
                0x0000000024001e34                ETH_WKUP_IRQHandler
                0x0000000024001e34                SPDIF_RX_IRQHandler
                0x0000000024001e34                SPI2_IRQHandler
                0x0000000024001e34                OTG_HS_EP1_IN_IRQHandler
                0x0000000024001e34                DMA1_Stream0_IRQHandler
                0x0000000024001e34                CRS_IRQHandler
                0x0000000024001e34                EXTI4_IRQHandler
                0x0000000024001e34                HRTIM1_TIMB_IRQHandler
                0x0000000024001e34                FDCAN2_IT1_IRQHandler
                0x0000000024001e34                ETH_IRQHandler
                0x0000000024001e34                TIM1_UP_IRQHandler
                0x0000000024001e34                BDMA_Channel4_IRQHandler
                0x0000000024001e34                OTG_HS_EP1_OUT_IRQHandler
                0x0000000024001e34                WWDG_IRQHandler
                0x0000000024001e34                SPI6_IRQHandler
                0x0000000024001e34                MDIOS_IRQHandler
                0x0000000024001e34                I2C4_EV_IRQHandler
                0x0000000024001e34                FDCAN2_IT0_IRQHandler
                0x0000000024001e34                LPUART1_IRQHandler
                0x0000000024001e34                FDCAN1_IT0_IRQHandler
                0x0000000024001e34                OTG_FS_WKUP_IRQHandler
                0x0000000024001e34                OTG_HS_IRQHandler
                0x0000000024001e34                DMA2D_IRQHandler
                0x0000000024001e34                TIM1_BRK_IRQHandler
                0x0000000024001e34                EXTI1_IRQHandler
                0x0000000024001e34                SDMMC2_IRQHandler
                0x0000000024001e34                OTG_FS_EP1_OUT_IRQHandler
                0x0000000024001e34                BDMA_Channel3_IRQHandler
                0x0000000024001e34                UART7_IRQHandler
                0x0000000024001e34                MDIOS_WKUP_IRQHandler
                0x0000000024001e34                USART2_IRQHandler
                0x0000000024001e34                DFSDM1_FLT0_IRQHandler
                0x0000000024001e34                SAI4_IRQHandler
                0x0000000024001e34                I2C2_ER_IRQHandler
                0x0000000024001e34                DMA2_Stream1_IRQHandler
                0x0000000024001e34                FLASH_IRQHandler
                0x0000000024001e34                DMA2_Stream4_IRQHandler
                0x0000000024001e34                USART1_IRQHandler
                0x0000000024001e34                OTG_FS_IRQHandler
                0x0000000024001e34                SPI3_IRQHandler
                0x0000000024001e34                WAKEUP_PIN_IRQHandler
                0x0000000024001e34                DMA1_Stream4_IRQHandler
                0x0000000024001e34                OTG_FS_EP1_IN_IRQHandler
                0x0000000024001e34                I2C1_ER_IRQHandler
                0x0000000024001e34                FMC_IRQHandler
                0x0000000024001e34                FDCAN_CAL_IRQHandler
                0x0000000024001e34                SWPMI1_IRQHandler
                0x0000000024001e34                COMP1_IRQHandler
                0x0000000024001e34                LPTIM1_IRQHandler
                0x0000000024001e34                I2C4_ER_IRQHandler
                0x0000000024001e34                DMA2_Stream6_IRQHandler
                0x0000000024001e34                SAI1_IRQHandler
                0x0000000024001e34                DMA1_Stream3_IRQHandler
 *fill*         0x0000000024001e36        0x2 
 .text.HAL_Init
                0x0000000024001e38       0x78 ./Drivers/STM32H7xx_HAL_Driver/Src/stm32h7xx_hal.o
                0x0000000024001e38                HAL_Init
 .text.HAL_DeInit
                0x0000000024001eb0       0xbc ./Drivers/STM32H7xx_HAL_Driver/Src/stm32h7xx_hal.o
                0x0000000024001eb0                HAL_DeInit
 .text.HAL_MspInit
                0x0000000024001f6c        0xe ./Drivers/STM32H7xx_HAL_Driver/Src/stm32h7xx_hal.o
 .text.HAL_MspDeInit
                0x0000000024001f7a        0xe ./Drivers/STM32H7xx_HAL_Driver/Src/stm32h7xx_hal.o
                0x0000000024001f7a                HAL_MspDeInit
 .text.HAL_InitTick
                0x0000000024001f88       0x6c ./Drivers/STM32H7xx_HAL_Driver/Src/stm32h7xx_hal.o
 .text.HAL_IncTick
                0x0000000024001ff4       0x28 ./Drivers/STM32H7xx_HAL_Driver/Src/stm32h7xx_hal.o
                0x0000000024001ff4                HAL_IncTick
 .text.HAL_GetTick
                0x000000002400201c       0x18 ./Drivers/STM32H7xx_HAL_Driver/Src/stm32h7xx_hal.o
                0x000000002400201c                HAL_GetTick
 .text.HAL_GetTickPrio
                0x0000000024002034       0x18 ./Drivers/STM32H7xx_HAL_Driver/Src/stm32h7xx_hal.o
                0x0000000024002034                HAL_GetTickPrio
 .text.HAL_SetTickFreq
                0x000000002400204c       0x50 ./Drivers/STM32H7xx_HAL_Driver/Src/stm32h7xx_hal.o
                0x000000002400204c                HAL_SetTickFreq
 .text.HAL_GetTickFreq
                0x000000002400209c       0x18 ./Drivers/STM32H7xx_HAL_Driver/Src/stm32h7xx_hal.o
                0x000000002400209c                HAL_GetTickFreq
 .text.HAL_Delay
                0x00000000240020b4       0x48 ./Drivers/STM32H7xx_HAL_Driver/Src/stm32h7xx_hal.o
                0x00000000240020b4                HAL_Delay
 .text.HAL_SuspendTick
                0x00000000240020fc       0x20 ./Drivers/STM32H7xx_HAL_Driver/Src/stm32h7xx_hal.o
 .text.HAL_ResumeTick
                0x000000002400211c       0x20 ./Drivers/STM32H7xx_HAL_Driver/Src/stm32h7xx_hal.o
 .text.HAL_GetHalVersion
                0x000000002400213c       0x14 ./Drivers/STM32H7xx_HAL_Driver/Src/stm32h7xx_hal.o
                0x000000002400213c                HAL_GetHalVersion
 .text.HAL_GetREVID
                0x0000000024002150       0x18 ./Drivers/STM32H7xx_HAL_Driver/Src/stm32h7xx_hal.o
                0x0000000024002150                HAL_GetREVID
 .text.HAL_GetDEVID
                0x0000000024002168       0x1c ./Drivers/STM32H7xx_HAL_Driver/Src/stm32h7xx_hal.o
                0x0000000024002168                HAL_GetDEVID
 .text.HAL_GetUIDw0
                0x0000000024002184       0x18 ./Drivers/STM32H7xx_HAL_Driver/Src/stm32h7xx_hal.o
                0x0000000024002184                HAL_GetUIDw0
 .text.HAL_GetUIDw1
                0x000000002400219c       0x18 ./Drivers/STM32H7xx_HAL_Driver/Src/stm32h7xx_hal.o
                0x000000002400219c                HAL_GetUIDw1
 .text.HAL_GetUIDw2
                0x00000000240021b4       0x18 ./Drivers/STM32H7xx_HAL_Driver/Src/stm32h7xx_hal.o
                0x00000000240021b4                HAL_GetUIDw2
 .text.HAL_SYSCFG_VREFBUF_VoltageScalingConfig
                0x00000000240021cc       0x28 ./Drivers/STM32H7xx_HAL_Driver/Src/stm32h7xx_hal.o
                0x00000000240021cc                HAL_SYSCFG_VREFBUF_VoltageScalingConfig
 .text.HAL_SYSCFG_VREFBUF_HighImpedanceConfig
                0x00000000240021f4       0x28 ./Drivers/STM32H7xx_HAL_Driver/Src/stm32h7xx_hal.o
                0x00000000240021f4                HAL_SYSCFG_VREFBUF_HighImpedanceConfig
 .text.HAL_SYSCFG_VREFBUF_TrimmingConfig
                0x000000002400221c       0x28 ./Drivers/STM32H7xx_HAL_Driver/Src/stm32h7xx_hal.o
                0x000000002400221c                HAL_SYSCFG_VREFBUF_TrimmingConfig
 .text.HAL_SYSCFG_EnableVREFBUF
                0x0000000024002244       0x48 ./Drivers/STM32H7xx_HAL_Driver/Src/stm32h7xx_hal.o
                0x0000000024002244                HAL_SYSCFG_EnableVREFBUF
 .text.HAL_SYSCFG_DisableVREFBUF
                0x000000002400228c       0x20 ./Drivers/STM32H7xx_HAL_Driver/Src/stm32h7xx_hal.o
                0x000000002400228c                HAL_SYSCFG_DisableVREFBUF
 .text.HAL_SYSCFG_ETHInterfaceSelect
                0x00000000240022ac       0x28 ./Drivers/STM32H7xx_HAL_Driver/Src/stm32h7xx_hal.o
                0x00000000240022ac                HAL_SYSCFG_ETHInterfaceSelect
 .text.HAL_SYSCFG_AnalogSwitchConfig
                0x00000000240022d4       0x2c ./Drivers/STM32H7xx_HAL_Driver/Src/stm32h7xx_hal.o
                0x00000000240022d4                HAL_SYSCFG_AnalogSwitchConfig
 .text.HAL_SYSCFG_EnableBOOST
                0x0000000024002300       0x20 ./Drivers/STM32H7xx_HAL_Driver/Src/stm32h7xx_hal.o
                0x0000000024002300                HAL_SYSCFG_EnableBOOST
 .text.HAL_SYSCFG_DisableBOOST
                0x0000000024002320       0x20 ./Drivers/STM32H7xx_HAL_Driver/Src/stm32h7xx_hal.o
                0x0000000024002320                HAL_SYSCFG_DisableBOOST
 .text.HAL_SYSCFG_CM7BootAddConfig
                0x0000000024002340       0x54 ./Drivers/STM32H7xx_HAL_Driver/Src/stm32h7xx_hal.o
                0x0000000024002340                HAL_SYSCFG_CM7BootAddConfig
 .text.HAL_EnableCompensationCell
                0x0000000024002394       0x20 ./Drivers/STM32H7xx_HAL_Driver/Src/stm32h7xx_hal.o
                0x0000000024002394                HAL_EnableCompensationCell
 .text.HAL_DisableCompensationCell
                0x00000000240023b4       0x20 ./Drivers/STM32H7xx_HAL_Driver/Src/stm32h7xx_hal.o
                0x00000000240023b4                HAL_DisableCompensationCell
 .text.HAL_SYSCFG_EnableIOSpeedOptimize
                0x00000000240023d4       0x20 ./Drivers/STM32H7xx_HAL_Driver/Src/stm32h7xx_hal.o
                0x00000000240023d4                HAL_SYSCFG_EnableIOSpeedOptimize
 .text.HAL_SYSCFG_DisableIOSpeedOptimize
                0x00000000240023f4       0x20 ./Drivers/STM32H7xx_HAL_Driver/Src/stm32h7xx_hal.o
                0x00000000240023f4                HAL_SYSCFG_DisableIOSpeedOptimize
 .text.HAL_SYSCFG_CompensationCodeSelect
                0x0000000024002414       0x28 ./Drivers/STM32H7xx_HAL_Driver/Src/stm32h7xx_hal.o
                0x0000000024002414                HAL_SYSCFG_CompensationCodeSelect
 .text.HAL_SYSCFG_CompensationCodeConfig
                0x000000002400243c       0x30 ./Drivers/STM32H7xx_HAL_Driver/Src/stm32h7xx_hal.o
                0x000000002400243c                HAL_SYSCFG_CompensationCodeConfig
 .text.HAL_DBGMCU_EnableDBGSleepMode
                0x000000002400246c       0x20 ./Drivers/STM32H7xx_HAL_Driver/Src/stm32h7xx_hal.o
                0x000000002400246c                HAL_DBGMCU_EnableDBGSleepMode
 .text.HAL_DBGMCU_DisableDBGSleepMode
                0x000000002400248c       0x20 ./Drivers/STM32H7xx_HAL_Driver/Src/stm32h7xx_hal.o
                0x000000002400248c                HAL_DBGMCU_DisableDBGSleepMode
 .text.HAL_DBGMCU_EnableDBGStopMode
                0x00000000240024ac       0x20 ./Drivers/STM32H7xx_HAL_Driver/Src/stm32h7xx_hal.o
                0x00000000240024ac                HAL_DBGMCU_EnableDBGStopMode
 .text.HAL_DBGMCU_DisableDBGStopMode
                0x00000000240024cc       0x20 ./Drivers/STM32H7xx_HAL_Driver/Src/stm32h7xx_hal.o
                0x00000000240024cc                HAL_DBGMCU_DisableDBGStopMode
 .text.HAL_DBGMCU_EnableDBGStandbyMode
                0x00000000240024ec       0x20 ./Drivers/STM32H7xx_HAL_Driver/Src/stm32h7xx_hal.o
                0x00000000240024ec                HAL_DBGMCU_EnableDBGStandbyMode
 .text.HAL_DBGMCU_DisableDBGStandbyMode
                0x000000002400250c       0x20 ./Drivers/STM32H7xx_HAL_Driver/Src/stm32h7xx_hal.o
                0x000000002400250c                HAL_DBGMCU_DisableDBGStandbyMode
 .text.HAL_SetFMCMemorySwappingConfig
                0x000000002400252c       0x28 ./Drivers/STM32H7xx_HAL_Driver/Src/stm32h7xx_hal.o
                0x000000002400252c                HAL_SetFMCMemorySwappingConfig
 .text.HAL_GetFMCMemorySwappingConfig
                0x0000000024002554       0x1c ./Drivers/STM32H7xx_HAL_Driver/Src/stm32h7xx_hal.o
                0x0000000024002554                HAL_GetFMCMemorySwappingConfig
 .text.HAL_EXTI_EdgeConfig
                0x0000000024002570       0xd0 ./Drivers/STM32H7xx_HAL_Driver/Src/stm32h7xx_hal.o
                0x0000000024002570                HAL_EXTI_EdgeConfig
 .text.HAL_EXTI_GenerateSWInterrupt
                0x0000000024002640       0x40 ./Drivers/STM32H7xx_HAL_Driver/Src/stm32h7xx_hal.o
                0x0000000024002640                HAL_EXTI_GenerateSWInterrupt
 .text.HAL_EXTI_D1_ClearFlag
                0x0000000024002680       0x30 ./Drivers/STM32H7xx_HAL_Driver/Src/stm32h7xx_hal.o
                0x0000000024002680                HAL_EXTI_D1_ClearFlag
 .text.HAL_EXTI_D1_EventInputConfig
                0x00000000240026b0       0xec ./Drivers/STM32H7xx_HAL_Driver/Src/stm32h7xx_hal.o
                0x00000000240026b0                HAL_EXTI_D1_EventInputConfig
 .text.HAL_EXTI_D3_EventInputConfig
                0x000000002400279c       0xd0 ./Drivers/STM32H7xx_HAL_Driver/Src/stm32h7xx_hal.o
                0x000000002400279c                HAL_EXTI_D3_EventInputConfig
 .text.__NVIC_SetPriorityGrouping
                0x000000002400286c       0x48 ./Drivers/STM32H7xx_HAL_Driver/Src/stm32h7xx_hal_cortex.o
 .text.__NVIC_GetPriorityGrouping
                0x00000000240028b4       0x1c ./Drivers/STM32H7xx_HAL_Driver/Src/stm32h7xx_hal_cortex.o
 .text.__NVIC_EnableIRQ
                0x00000000240028d0       0x3c ./Drivers/STM32H7xx_HAL_Driver/Src/stm32h7xx_hal_cortex.o
 .text.__NVIC_DisableIRQ
                0x000000002400290c       0x48 ./Drivers/STM32H7xx_HAL_Driver/Src/stm32h7xx_hal_cortex.o
 .text.__NVIC_GetPendingIRQ
                0x0000000024002954       0x44 ./Drivers/STM32H7xx_HAL_Driver/Src/stm32h7xx_hal_cortex.o
 .text.__NVIC_SetPendingIRQ
                0x0000000024002998       0x3c ./Drivers/STM32H7xx_HAL_Driver/Src/stm32h7xx_hal_cortex.o
 .text.__NVIC_ClearPendingIRQ
                0x00000000240029d4       0x3c ./Drivers/STM32H7xx_HAL_Driver/Src/stm32h7xx_hal_cortex.o
 .text.__NVIC_GetActive
                0x0000000024002a10       0x44 ./Drivers/STM32H7xx_HAL_Driver/Src/stm32h7xx_hal_cortex.o
 .text.__NVIC_SetPriority
                0x0000000024002a54       0x54 ./Drivers/STM32H7xx_HAL_Driver/Src/stm32h7xx_hal_cortex.o
 .text.__NVIC_GetPriority
                0x0000000024002aa8       0x50 ./Drivers/STM32H7xx_HAL_Driver/Src/stm32h7xx_hal_cortex.o
 .text.NVIC_EncodePriority
                0x0000000024002af8       0x66 ./Drivers/STM32H7xx_HAL_Driver/Src/stm32h7xx_hal_cortex.o
 .text.NVIC_DecodePriority
                0x0000000024002b5e       0x6e ./Drivers/STM32H7xx_HAL_Driver/Src/stm32h7xx_hal_cortex.o
 .text.__NVIC_SystemReset
                0x0000000024002bcc       0x2c ./Drivers/STM32H7xx_HAL_Driver/Src/stm32h7xx_hal_cortex.o
 .text.SysTick_Config
                0x0000000024002bf8       0x44 ./Drivers/STM32H7xx_HAL_Driver/Src/stm32h7xx_hal_cortex.o
 .text.HAL_NVIC_SetPriorityGrouping
                0x0000000024002c3c       0x16 ./Drivers/STM32H7xx_HAL_Driver/Src/stm32h7xx_hal_cortex.o
                0x0000000024002c3c                HAL_NVIC_SetPriorityGrouping
 .text.HAL_NVIC_SetPriority
                0x0000000024002c52       0x34 ./Drivers/STM32H7xx_HAL_Driver/Src/stm32h7xx_hal_cortex.o
                0x0000000024002c52                HAL_NVIC_SetPriority
 .text.HAL_NVIC_EnableIRQ
                0x0000000024002c86       0x1c ./Drivers/STM32H7xx_HAL_Driver/Src/stm32h7xx_hal_cortex.o
                0x0000000024002c86                HAL_NVIC_EnableIRQ
 .text.HAL_NVIC_DisableIRQ
                0x0000000024002ca2       0x1c ./Drivers/STM32H7xx_HAL_Driver/Src/stm32h7xx_hal_cortex.o
                0x0000000024002ca2                HAL_NVIC_DisableIRQ
 .text.HAL_NVIC_SystemReset
                0x0000000024002cbe        0x8 ./Drivers/STM32H7xx_HAL_Driver/Src/stm32h7xx_hal_cortex.o
                0x0000000024002cbe                HAL_NVIC_SystemReset
 .text.HAL_SYSTICK_Config
                0x0000000024002cc6       0x18 ./Drivers/STM32H7xx_HAL_Driver/Src/stm32h7xx_hal_cortex.o
                0x0000000024002cc6                HAL_SYSTICK_Config
 *fill*         0x0000000024002cde        0x2 
 .text.HAL_MPU_Disable
                0x0000000024002ce0       0x30 ./Drivers/STM32H7xx_HAL_Driver/Src/stm32h7xx_hal_cortex.o
                0x0000000024002ce0                HAL_MPU_Disable
 .text.HAL_MPU_Enable
                0x0000000024002d10       0x40 ./Drivers/STM32H7xx_HAL_Driver/Src/stm32h7xx_hal_cortex.o
                0x0000000024002d10                HAL_MPU_Enable
 .text.HAL_MPU_ConfigRegion
                0x0000000024002d50       0x88 ./Drivers/STM32H7xx_HAL_Driver/Src/stm32h7xx_hal_cortex.o
                0x0000000024002d50                HAL_MPU_ConfigRegion
 .text.HAL_NVIC_GetPriorityGrouping
                0x0000000024002dd8        0xe ./Drivers/STM32H7xx_HAL_Driver/Src/stm32h7xx_hal_cortex.o
                0x0000000024002dd8                HAL_NVIC_GetPriorityGrouping
 .text.HAL_NVIC_GetPriority
                0x0000000024002de6       0x2c ./Drivers/STM32H7xx_HAL_Driver/Src/stm32h7xx_hal_cortex.o
                0x0000000024002de6                HAL_NVIC_GetPriority
 .text.HAL_NVIC_SetPendingIRQ
                0x0000000024002e12       0x1c ./Drivers/STM32H7xx_HAL_Driver/Src/stm32h7xx_hal_cortex.o
                0x0000000024002e12                HAL_NVIC_SetPendingIRQ
 .text.HAL_NVIC_GetPendingIRQ
                0x0000000024002e2e       0x1e ./Drivers/STM32H7xx_HAL_Driver/Src/stm32h7xx_hal_cortex.o
                0x0000000024002e2e                HAL_NVIC_GetPendingIRQ
 .text.HAL_NVIC_ClearPendingIRQ
                0x0000000024002e4c       0x1c ./Drivers/STM32H7xx_HAL_Driver/Src/stm32h7xx_hal_cortex.o
                0x0000000024002e4c                HAL_NVIC_ClearPendingIRQ
 .text.HAL_NVIC_GetActive
                0x0000000024002e68       0x1e ./Drivers/STM32H7xx_HAL_Driver/Src/stm32h7xx_hal_cortex.o
                0x0000000024002e68                HAL_NVIC_GetActive
 *fill*         0x0000000024002e86        0x2 
 .text.HAL_SYSTICK_CLKSourceConfig
                0x0000000024002e88       0x38 ./Drivers/STM32H7xx_HAL_Driver/Src/stm32h7xx_hal_cortex.o
                0x0000000024002e88                HAL_SYSTICK_CLKSourceConfig
 .text.HAL_SYSTICK_IRQHandler
                0x0000000024002ec0        0xc ./Drivers/STM32H7xx_HAL_Driver/Src/stm32h7xx_hal_cortex.o
                0x0000000024002ec0                HAL_SYSTICK_IRQHandler
 .text.HAL_SYSTICK_Callback
                0x0000000024002ecc        0xe ./Drivers/STM32H7xx_HAL_Driver/Src/stm32h7xx_hal_cortex.o
                0x0000000024002ecc                HAL_SYSTICK_Callback
 .text.HAL_GetCurrentCPUID
                0x0000000024002eda       0x10 ./Drivers/STM32H7xx_HAL_Driver/Src/stm32h7xx_hal_cortex.o
                0x0000000024002eda                HAL_GetCurrentCPUID
 *fill*         0x0000000024002eea        0x2 
 .text.HAL_DMA_Init
                0x0000000024002eec      0x6b8 ./Drivers/STM32H7xx_HAL_Driver/Src/stm32h7xx_hal_dma.o
                0x0000000024002eec                HAL_DMA_Init
 .text.HAL_DMA_DeInit
                0x00000000240035a4      0x36c ./Drivers/STM32H7xx_HAL_Driver/Src/stm32h7xx_hal_dma.o
                0x00000000240035a4                HAL_DMA_DeInit
 .text.HAL_DMA_Start
                0x0000000024003910      0x240 ./Drivers/STM32H7xx_HAL_Driver/Src/stm32h7xx_hal_dma.o
                0x0000000024003910                HAL_DMA_Start
 .text.HAL_DMA_Start_IT
                0x0000000024003b50      0x4d4 ./Drivers/STM32H7xx_HAL_Driver/Src/stm32h7xx_hal_dma.o
                0x0000000024003b50                HAL_DMA_Start_IT
 .text.HAL_DMA_Abort
                0x0000000024004024      0x63c ./Drivers/STM32H7xx_HAL_Driver/Src/stm32h7xx_hal_dma.o
                0x0000000024004024                HAL_DMA_Abort
 .text.HAL_DMA_Abort_IT
                0x0000000024004660      0x48c ./Drivers/STM32H7xx_HAL_Driver/Src/stm32h7xx_hal_dma.o
                0x0000000024004660                HAL_DMA_Abort_IT
 .text.HAL_DMA_PollForTransfer
                0x0000000024004aec      0x754 ./Drivers/STM32H7xx_HAL_Driver/Src/stm32h7xx_hal_dma.o
                0x0000000024004aec                HAL_DMA_PollForTransfer
 .text.HAL_DMA_IRQHandler
                0x0000000024005240      0xe54 ./Drivers/STM32H7xx_HAL_Driver/Src/stm32h7xx_hal_dma.o
                0x0000000024005240                HAL_DMA_IRQHandler
 .text.HAL_DMA_RegisterCallback
                0x0000000024006094       0xb4 ./Drivers/STM32H7xx_HAL_Driver/Src/stm32h7xx_hal_dma.o
                0x0000000024006094                HAL_DMA_RegisterCallback
 .text.HAL_DMA_UnRegisterCallback
                0x0000000024006148       0xdc ./Drivers/STM32H7xx_HAL_Driver/Src/stm32h7xx_hal_dma.o
                0x0000000024006148                HAL_DMA_UnRegisterCallback
 .text.HAL_DMA_GetState
                0x0000000024006224       0x1c ./Drivers/STM32H7xx_HAL_Driver/Src/stm32h7xx_hal_dma.o
                0x0000000024006224                HAL_DMA_GetState
 .text.HAL_DMA_GetError
                0x0000000024006240       0x18 ./Drivers/STM32H7xx_HAL_Driver/Src/stm32h7xx_hal_dma.o
                0x0000000024006240                HAL_DMA_GetError
 .text.DMA_SetConfig
                0x0000000024006258      0x358 ./Drivers/STM32H7xx_HAL_Driver/Src/stm32h7xx_hal_dma.o
 .text.DMA_CalcBaseAndBitshift
                0x00000000240065b0      0x164 ./Drivers/STM32H7xx_HAL_Driver/Src/stm32h7xx_hal_dma.o
 .text.DMA_CheckFifoParam
                0x0000000024006714       0xf8 ./Drivers/STM32H7xx_HAL_Driver/Src/stm32h7xx_hal_dma.o
 .text.DMA_CalcDMAMUXChannelBaseAndMask
                0x000000002400680c      0x134 ./Drivers/STM32H7xx_HAL_Driver/Src/stm32h7xx_hal_dma.o
 .text.DMA_CalcDMAMUXRequestGenBaseAndMask
                0x0000000024006940       0xe8 ./Drivers/STM32H7xx_HAL_Driver/Src/stm32h7xx_hal_dma.o
 .text.HAL_DMAEx_MultiBufferStart
                0x0000000024006a28      0x404 ./Drivers/STM32H7xx_HAL_Driver/Src/stm32h7xx_hal_dma_ex.o
                0x0000000024006a28                HAL_DMAEx_MultiBufferStart
 .text.HAL_DMAEx_MultiBufferStart_IT
                0x0000000024006e2c      0x6bc ./Drivers/STM32H7xx_HAL_Driver/Src/stm32h7xx_hal_dma_ex.o
                0x0000000024006e2c                HAL_DMAEx_MultiBufferStart_IT
 .text.HAL_DMAEx_ChangeMemory
                0x00000000240074e8      0x138 ./Drivers/STM32H7xx_HAL_Driver/Src/stm32h7xx_hal_dma_ex.o
                0x00000000240074e8                HAL_DMAEx_ChangeMemory
 .text.HAL_DMAEx_ConfigMuxSync
                0x0000000024007620      0x18c ./Drivers/STM32H7xx_HAL_Driver/Src/stm32h7xx_hal_dma_ex.o
                0x0000000024007620                HAL_DMAEx_ConfigMuxSync
 .text.HAL_DMAEx_ConfigMuxRequestGenerator
                0x00000000240077ac      0x174 ./Drivers/STM32H7xx_HAL_Driver/Src/stm32h7xx_hal_dma_ex.o
                0x00000000240077ac                HAL_DMAEx_ConfigMuxRequestGenerator
 .text.HAL_DMAEx_EnableMuxRequestGenerator
                0x0000000024007920       0x3e ./Drivers/STM32H7xx_HAL_Driver/Src/stm32h7xx_hal_dma_ex.o
                0x0000000024007920                HAL_DMAEx_EnableMuxRequestGenerator
 .text.HAL_DMAEx_DisableMuxRequestGenerator
                0x000000002400795e       0x3e ./Drivers/STM32H7xx_HAL_Driver/Src/stm32h7xx_hal_dma_ex.o
                0x000000002400795e                HAL_DMAEx_DisableMuxRequestGenerator
 .text.HAL_DMAEx_MUX_IRQHandler
                0x000000002400799c       0xa4 ./Drivers/STM32H7xx_HAL_Driver/Src/stm32h7xx_hal_dma_ex.o
                0x000000002400799c                HAL_DMAEx_MUX_IRQHandler
 .text.DMA_MultiBufferSetConfig
                0x0000000024007a40      0x16c ./Drivers/STM32H7xx_HAL_Driver/Src/stm32h7xx_hal_dma_ex.o
 .text.HAL_EXTI_SetConfigLine
                0x0000000024007bac      0x258 ./Drivers/STM32H7xx_HAL_Driver/Src/stm32h7xx_hal_exti.o
                0x0000000024007bac                HAL_EXTI_SetConfigLine
 .text.HAL_EXTI_GetConfigLine
                0x0000000024007e04      0x1cc ./Drivers/STM32H7xx_HAL_Driver/Src/stm32h7xx_hal_exti.o
                0x0000000024007e04                HAL_EXTI_GetConfigLine
 .text.HAL_EXTI_ClearConfigLine
                0x0000000024007fd0      0x194 ./Drivers/STM32H7xx_HAL_Driver/Src/stm32h7xx_hal_exti.o
                0x0000000024007fd0                HAL_EXTI_ClearConfigLine
 .text.HAL_EXTI_RegisterCallback
                0x0000000024008164       0x3e ./Drivers/STM32H7xx_HAL_Driver/Src/stm32h7xx_hal_exti.o
                0x0000000024008164                HAL_EXTI_RegisterCallback
 .text.HAL_EXTI_GetHandle
                0x00000000240081a2       0x28 ./Drivers/STM32H7xx_HAL_Driver/Src/stm32h7xx_hal_exti.o
                0x00000000240081a2                HAL_EXTI_GetHandle
 *fill*         0x00000000240081ca        0x2 
 .text.HAL_EXTI_IRQHandler
                0x00000000240081cc       0x60 ./Drivers/STM32H7xx_HAL_Driver/Src/stm32h7xx_hal_exti.o
                0x00000000240081cc                HAL_EXTI_IRQHandler
 .text.HAL_EXTI_GetPending
                0x000000002400822c       0x58 ./Drivers/STM32H7xx_HAL_Driver/Src/stm32h7xx_hal_exti.o
                0x000000002400822c                HAL_EXTI_GetPending
 .text.HAL_EXTI_ClearPending
                0x0000000024008284       0x48 ./Drivers/STM32H7xx_HAL_Driver/Src/stm32h7xx_hal_exti.o
                0x0000000024008284                HAL_EXTI_ClearPending
 .text.HAL_EXTI_GenerateSWI
                0x00000000240082cc       0x44 ./Drivers/STM32H7xx_HAL_Driver/Src/stm32h7xx_hal_exti.o
                0x00000000240082cc                HAL_EXTI_GenerateSWI
 .text.HAL_FLASH_Program
                0x0000000024008310       0xe0 ./Drivers/STM32H7xx_HAL_Driver/Src/stm32h7xx_hal_flash.o
                0x0000000024008310                HAL_FLASH_Program
 .text.HAL_FLASH_Program_IT
                0x00000000240083f0       0xd8 ./Drivers/STM32H7xx_HAL_Driver/Src/stm32h7xx_hal_flash.o
                0x00000000240083f0                HAL_FLASH_Program_IT
 .text.HAL_FLASH_IRQHandler
                0x00000000240084c8      0x15c ./Drivers/STM32H7xx_HAL_Driver/Src/stm32h7xx_hal_flash.o
                0x00000000240084c8                HAL_FLASH_IRQHandler
 .text.HAL_FLASH_EndOfOperationCallback
                0x0000000024008624       0x14 ./Drivers/STM32H7xx_HAL_Driver/Src/stm32h7xx_hal_flash.o
                0x0000000024008624                HAL_FLASH_EndOfOperationCallback
 .text.HAL_FLASH_OperationErrorCallback
                0x0000000024008638       0x14 ./Drivers/STM32H7xx_HAL_Driver/Src/stm32h7xx_hal_flash.o
                0x0000000024008638                HAL_FLASH_OperationErrorCallback
 .text.HAL_FLASH_Unlock
                0x000000002400864c       0x44 ./Drivers/STM32H7xx_HAL_Driver/Src/stm32h7xx_hal_flash.o
                0x000000002400864c                HAL_FLASH_Unlock
 .text.HAL_FLASH_Lock
                0x0000000024008690       0x30 ./Drivers/STM32H7xx_HAL_Driver/Src/stm32h7xx_hal_flash.o
                0x0000000024008690                HAL_FLASH_Lock
 .text.HAL_FLASH_OB_Unlock
                0x00000000240086c0       0x44 ./Drivers/STM32H7xx_HAL_Driver/Src/stm32h7xx_hal_flash.o
                0x00000000240086c0                HAL_FLASH_OB_Unlock
 .text.HAL_FLASH_OB_Lock
                0x0000000024008704       0x30 ./Drivers/STM32H7xx_HAL_Driver/Src/stm32h7xx_hal_flash.o
                0x0000000024008704                HAL_FLASH_OB_Lock
 .text.HAL_FLASH_OB_Launch
                0x0000000024008734       0x4c ./Drivers/STM32H7xx_HAL_Driver/Src/stm32h7xx_hal_flash.o
                0x0000000024008734                HAL_FLASH_OB_Launch
 .text.HAL_FLASH_GetError
                0x0000000024008780       0x18 ./Drivers/STM32H7xx_HAL_Driver/Src/stm32h7xx_hal_flash.o
                0x0000000024008780                HAL_FLASH_GetError
 .text.FLASH_WaitForLastOperation
                0x0000000024008798       0xac ./Drivers/STM32H7xx_HAL_Driver/Src/stm32h7xx_hal_flash.o
                0x0000000024008798                FLASH_WaitForLastOperation
 .text.FLASH_OB_WaitForLastOperation
                0x0000000024008844       0x78 ./Drivers/STM32H7xx_HAL_Driver/Src/stm32h7xx_hal_flash.o
                0x0000000024008844                FLASH_OB_WaitForLastOperation
 .text.FLASH_CRC_WaitForLastOperation
                0x00000000240088bc       0x94 ./Drivers/STM32H7xx_HAL_Driver/Src/stm32h7xx_hal_flash.o
                0x00000000240088bc                FLASH_CRC_WaitForLastOperation
 .text.HAL_FLASHEx_Erase
                0x0000000024008950      0x118 ./Drivers/STM32H7xx_HAL_Driver/Src/stm32h7xx_hal_flash_ex.o
                0x0000000024008950                HAL_FLASHEx_Erase
 .text.HAL_FLASHEx_Erase_IT
                0x0000000024008a68       0xdc ./Drivers/STM32H7xx_HAL_Driver/Src/stm32h7xx_hal_flash_ex.o
                0x0000000024008a68                HAL_FLASHEx_Erase_IT
 .text.HAL_FLASHEx_OBProgram
                0x0000000024008b44      0x130 ./Drivers/STM32H7xx_HAL_Driver/Src/stm32h7xx_hal_flash_ex.o
                0x0000000024008b44                HAL_FLASHEx_OBProgram
 .text.HAL_FLASHEx_OBGetConfig
                0x0000000024008c74       0xae ./Drivers/STM32H7xx_HAL_Driver/Src/stm32h7xx_hal_flash_ex.o
                0x0000000024008c74                HAL_FLASHEx_OBGetConfig
 *fill*         0x0000000024008d22        0x2 
 .text.HAL_FLASHEx_Unlock_Bank1
                0x0000000024008d24       0x44 ./Drivers/STM32H7xx_HAL_Driver/Src/stm32h7xx_hal_flash_ex.o
                0x0000000024008d24                HAL_FLASHEx_Unlock_Bank1
 .text.HAL_FLASHEx_Lock_Bank1
                0x0000000024008d68       0x20 ./Drivers/STM32H7xx_HAL_Driver/Src/stm32h7xx_hal_flash_ex.o
                0x0000000024008d68                HAL_FLASHEx_Lock_Bank1
 .text.HAL_FLASHEx_ComputeCRC
                0x0000000024008d88      0x104 ./Drivers/STM32H7xx_HAL_Driver/Src/stm32h7xx_hal_flash_ex.o
                0x0000000024008d88                HAL_FLASHEx_ComputeCRC
 .text.FLASH_MassErase
                0x0000000024008e8c       0x48 ./Drivers/STM32H7xx_HAL_Driver/Src/stm32h7xx_hal_flash_ex.o
 .text.FLASH_Erase_Sector
                0x0000000024008ed4       0x48 ./Drivers/STM32H7xx_HAL_Driver/Src/stm32h7xx_hal_flash_ex.o
                0x0000000024008ed4                FLASH_Erase_Sector
 .text.FLASH_OB_EnableWRP
                0x0000000024008f1c       0x34 ./Drivers/STM32H7xx_HAL_Driver/Src/stm32h7xx_hal_flash_ex.o
 .text.FLASH_OB_DisableWRP
                0x0000000024008f50       0x34 ./Drivers/STM32H7xx_HAL_Driver/Src/stm32h7xx_hal_flash_ex.o
 .text.FLASH_OB_GetWRP
                0x0000000024008f84       0x4c ./Drivers/STM32H7xx_HAL_Driver/Src/stm32h7xx_hal_flash_ex.o
 .text.FLASH_OB_RDPConfig
                0x0000000024008fd0       0x28 ./Drivers/STM32H7xx_HAL_Driver/Src/stm32h7xx_hal_flash_ex.o
 .text.FLASH_OB_GetRDP
                0x0000000024008ff8       0x38 ./Drivers/STM32H7xx_HAL_Driver/Src/stm32h7xx_hal_flash_ex.o
 .text.FLASH_OB_UserConfig
                0x0000000024009030      0x124 ./Drivers/STM32H7xx_HAL_Driver/Src/stm32h7xx_hal_flash_ex.o
 .text.FLASH_OB_GetUser
                0x0000000024009154       0x2c ./Drivers/STM32H7xx_HAL_Driver/Src/stm32h7xx_hal_flash_ex.o
 .text.FLASH_OB_PCROPConfig
                0x0000000024009180       0x44 ./Drivers/STM32H7xx_HAL_Driver/Src/stm32h7xx_hal_flash_ex.o
 .text.FLASH_OB_GetPCROP
                0x00000000240091c4       0x70 ./Drivers/STM32H7xx_HAL_Driver/Src/stm32h7xx_hal_flash_ex.o
 .text.FLASH_OB_BOR_LevelConfig
                0x0000000024009234       0x28 ./Drivers/STM32H7xx_HAL_Driver/Src/stm32h7xx_hal_flash_ex.o
 .text.FLASH_OB_GetBOR
                0x000000002400925c       0x1c ./Drivers/STM32H7xx_HAL_Driver/Src/stm32h7xx_hal_flash_ex.o
 .text.FLASH_OB_BootAddConfig
                0x0000000024009278       0x54 ./Drivers/STM32H7xx_HAL_Driver/Src/stm32h7xx_hal_flash_ex.o
 .text.FLASH_OB_GetBootAdd
                0x00000000240092cc       0x38 ./Drivers/STM32H7xx_HAL_Driver/Src/stm32h7xx_hal_flash_ex.o
 .text.FLASH_OB_SecureAreaConfig
                0x0000000024009304       0x48 ./Drivers/STM32H7xx_HAL_Driver/Src/stm32h7xx_hal_flash_ex.o
 .text.FLASH_OB_GetSecureArea
                0x000000002400934c       0x70 ./Drivers/STM32H7xx_HAL_Driver/Src/stm32h7xx_hal_flash_ex.o
 .text.FLASH_CRC_AddSector
                0x00000000240093bc       0x3c ./Drivers/STM32H7xx_HAL_Driver/Src/stm32h7xx_hal_flash_ex.o
 .text.FLASH_CRC_SelectAddress
                0x00000000240093f8       0x30 ./Drivers/STM32H7xx_HAL_Driver/Src/stm32h7xx_hal_flash_ex.o
 .text.HAL_GPIO_Init
                0x0000000024009428      0x360 ./Drivers/STM32H7xx_HAL_Driver/Src/stm32h7xx_hal_gpio.o
                0x0000000024009428                HAL_GPIO_Init
 .text.HAL_GPIO_DeInit
                0x0000000024009788      0x214 ./Drivers/STM32H7xx_HAL_Driver/Src/stm32h7xx_hal_gpio.o
                0x0000000024009788                HAL_GPIO_DeInit
 .text.HAL_GPIO_ReadPin
                0x000000002400999c       0x30 ./Drivers/STM32H7xx_HAL_Driver/Src/stm32h7xx_hal_gpio.o
                0x000000002400999c                HAL_GPIO_ReadPin
 .text.HAL_GPIO_WritePin
                0x00000000240099cc       0x32 ./Drivers/STM32H7xx_HAL_Driver/Src/stm32h7xx_hal_gpio.o
                0x00000000240099cc                HAL_GPIO_WritePin
 .text.HAL_GPIO_TogglePin
                0x00000000240099fe       0x34 ./Drivers/STM32H7xx_HAL_Driver/Src/stm32h7xx_hal_gpio.o
                0x00000000240099fe                HAL_GPIO_TogglePin
 .text.HAL_GPIO_LockPin
                0x0000000024009a32       0x50 ./Drivers/STM32H7xx_HAL_Driver/Src/stm32h7xx_hal_gpio.o
                0x0000000024009a32                HAL_GPIO_LockPin
 .text.HAL_GPIO_EXTI_IRQHandler
                0x0000000024009a82       0x34 ./Drivers/STM32H7xx_HAL_Driver/Src/stm32h7xx_hal_gpio.o
                0x0000000024009a82                HAL_GPIO_EXTI_IRQHandler
 .text.HAL_GPIO_EXTI_Callback
                0x0000000024009ab6       0x16 ./Drivers/STM32H7xx_HAL_Driver/Src/stm32h7xx_hal_gpio.o
                0x0000000024009ab6                HAL_GPIO_EXTI_Callback
 .text.HAL_HSEM_Take
                0x0000000024009acc       0x44 ./Drivers/STM32H7xx_HAL_Driver/Src/stm32h7xx_hal_hsem.o
                0x0000000024009acc                HAL_HSEM_Take
 .text.HAL_HSEM_FastTake
                0x0000000024009b10       0x34 ./Drivers/STM32H7xx_HAL_Driver/Src/stm32h7xx_hal_hsem.o
                0x0000000024009b10                HAL_HSEM_FastTake
 .text.HAL_HSEM_IsSemTaken
                0x0000000024009b44       0x2c ./Drivers/STM32H7xx_HAL_Driver/Src/stm32h7xx_hal_hsem.o
                0x0000000024009b44                HAL_HSEM_IsSemTaken
 .text.HAL_HSEM_Release
                0x0000000024009b70       0x28 ./Drivers/STM32H7xx_HAL_Driver/Src/stm32h7xx_hal_hsem.o
                0x0000000024009b70                HAL_HSEM_Release
 .text.HAL_HSEM_ReleaseAll
                0x0000000024009b98       0x2c ./Drivers/STM32H7xx_HAL_Driver/Src/stm32h7xx_hal_hsem.o
                0x0000000024009b98                HAL_HSEM_ReleaseAll
 .text.HAL_HSEM_SetClearKey
                0x0000000024009bc4       0x2c ./Drivers/STM32H7xx_HAL_Driver/Src/stm32h7xx_hal_hsem.o
                0x0000000024009bc4                HAL_HSEM_SetClearKey
 .text.HAL_HSEM_GetClearKey
                0x0000000024009bf0       0x1c ./Drivers/STM32H7xx_HAL_Driver/Src/stm32h7xx_hal_hsem.o
                0x0000000024009bf0                HAL_HSEM_GetClearKey
 .text.HAL_HSEM_ActivateNotification
                0x0000000024009c0c       0x24 ./Drivers/STM32H7xx_HAL_Driver/Src/stm32h7xx_hal_hsem.o
                0x0000000024009c0c                HAL_HSEM_ActivateNotification
 .text.HAL_HSEM_DeactivateNotification
                0x0000000024009c30       0x28 ./Drivers/STM32H7xx_HAL_Driver/Src/stm32h7xx_hal_hsem.o
                0x0000000024009c30                HAL_HSEM_DeactivateNotification
 .text.HAL_HSEM_IRQHandler
                0x0000000024009c58       0x34 ./Drivers/STM32H7xx_HAL_Driver/Src/stm32h7xx_hal_hsem.o
                0x0000000024009c58                HAL_HSEM_IRQHandler
 .text.HAL_HSEM_FreeCallback
                0x0000000024009c8c       0x14 ./Drivers/STM32H7xx_HAL_Driver/Src/stm32h7xx_hal_hsem.o
                0x0000000024009c8c                HAL_HSEM_FreeCallback
 .text.HAL_I2C_Init
                0x0000000024009ca0      0x120 ./Drivers/STM32H7xx_HAL_Driver/Src/stm32h7xx_hal_i2c.o
                0x0000000024009ca0                HAL_I2C_Init
 .text.HAL_I2C_DeInit
                0x0000000024009dc0       0x5e ./Drivers/STM32H7xx_HAL_Driver/Src/stm32h7xx_hal_i2c.o
                0x0000000024009dc0                HAL_I2C_DeInit
 .text.HAL_I2C_MspInit
                0x0000000024009e1e       0x14 ./Drivers/STM32H7xx_HAL_Driver/Src/stm32h7xx_hal_i2c.o
                0x0000000024009e1e                HAL_I2C_MspInit
 .text.HAL_I2C_MspDeInit
                0x0000000024009e32       0x14 ./Drivers/STM32H7xx_HAL_Driver/Src/stm32h7xx_hal_i2c.o
                0x0000000024009e32                HAL_I2C_MspDeInit
 *fill*         0x0000000024009e46        0x2 
 .text.HAL_I2C_Master_Transmit
                0x0000000024009e48      0x1e8 ./Drivers/STM32H7xx_HAL_Driver/Src/stm32h7xx_hal_i2c.o
                0x0000000024009e48                HAL_I2C_Master_Transmit
 .text.HAL_I2C_Master_Receive
                0x000000002400a030      0x1ec ./Drivers/STM32H7xx_HAL_Driver/Src/stm32h7xx_hal_i2c.o
                0x000000002400a030                HAL_I2C_Master_Receive
 .text.HAL_I2C_Slave_Transmit
                0x000000002400a21c      0x268 ./Drivers/STM32H7xx_HAL_Driver/Src/stm32h7xx_hal_i2c.o
                0x000000002400a21c                HAL_I2C_Slave_Transmit
 .text.HAL_I2C_Slave_Receive
                0x000000002400a484      0x220 ./Drivers/STM32H7xx_HAL_Driver/Src/stm32h7xx_hal_i2c.o
                0x000000002400a484                HAL_I2C_Slave_Receive
 .text.HAL_I2C_Master_Transmit_IT
                0x000000002400a6a4       0xe0 ./Drivers/STM32H7xx_HAL_Driver/Src/stm32h7xx_hal_i2c.o
                0x000000002400a6a4                HAL_I2C_Master_Transmit_IT
 .text.HAL_I2C_Master_Receive_IT
                0x000000002400a784       0xe0 ./Drivers/STM32H7xx_HAL_Driver/Src/stm32h7xx_hal_i2c.o
                0x000000002400a784                HAL_I2C_Master_Receive_IT
 .text.HAL_I2C_Slave_Transmit_IT
                0x000000002400a864       0xdc ./Drivers/STM32H7xx_HAL_Driver/Src/stm32h7xx_hal_i2c.o
                0x000000002400a864                HAL_I2C_Slave_Transmit_IT
 .text.HAL_I2C_Slave_Receive_IT
                0x000000002400a940       0xa0 ./Drivers/STM32H7xx_HAL_Driver/Src/stm32h7xx_hal_i2c.o
                0x000000002400a940                HAL_I2C_Slave_Receive_IT
 .text.HAL_I2C_Master_Transmit_DMA
                0x000000002400a9e0      0x1e0 ./Drivers/STM32H7xx_HAL_Driver/Src/stm32h7xx_hal_i2c.o
                0x000000002400a9e0                HAL_I2C_Master_Transmit_DMA
 .text.HAL_I2C_Master_Receive_DMA
                0x000000002400abc0      0x1e0 ./Drivers/STM32H7xx_HAL_Driver/Src/stm32h7xx_hal_i2c.o
                0x000000002400abc0                HAL_I2C_Master_Receive_DMA
 .text.HAL_I2C_Slave_Transmit_DMA
                0x000000002400ada0      0x1d8 ./Drivers/STM32H7xx_HAL_Driver/Src/stm32h7xx_hal_i2c.o
                0x000000002400ada0                HAL_I2C_Slave_Transmit_DMA
 .text.HAL_I2C_Slave_Receive_DMA
                0x000000002400af78      0x16c ./Drivers/STM32H7xx_HAL_Driver/Src/stm32h7xx_hal_i2c.o
                0x000000002400af78                HAL_I2C_Slave_Receive_DMA
 .text.HAL_I2C_Mem_Write
                0x000000002400b0e4      0x228 ./Drivers/STM32H7xx_HAL_Driver/Src/stm32h7xx_hal_i2c.o
                0x000000002400b0e4                HAL_I2C_Mem_Write
 .text.HAL_I2C_Mem_Read
                0x000000002400b30c      0x234 ./Drivers/STM32H7xx_HAL_Driver/Src/stm32h7xx_hal_i2c.o
                0x000000002400b30c                HAL_I2C_Mem_Read
 .text.HAL_I2C_Mem_Write_IT
                0x000000002400b540      0x10c ./Drivers/STM32H7xx_HAL_Driver/Src/stm32h7xx_hal_i2c.o
                0x000000002400b540                HAL_I2C_Mem_Write_IT
 .text.HAL_I2C_Mem_Read_IT
                0x000000002400b64c      0x10c ./Drivers/STM32H7xx_HAL_Driver/Src/stm32h7xx_hal_i2c.o
                0x000000002400b64c                HAL_I2C_Mem_Read_IT
 .text.HAL_I2C_Mem_Write_DMA
                0x000000002400b758      0x1cc ./Drivers/STM32H7xx_HAL_Driver/Src/stm32h7xx_hal_i2c.o
                0x000000002400b758                HAL_I2C_Mem_Write_DMA
 .text.HAL_I2C_Mem_Read_DMA
                0x000000002400b924      0x1cc ./Drivers/STM32H7xx_HAL_Driver/Src/stm32h7xx_hal_i2c.o
                0x000000002400b924                HAL_I2C_Mem_Read_DMA
 .text.HAL_I2C_IsDeviceReady
                0x000000002400baf0      0x210 ./Drivers/STM32H7xx_HAL_Driver/Src/stm32h7xx_hal_i2c.o
                0x000000002400baf0                HAL_I2C_IsDeviceReady
 .text.HAL_I2C_Master_Seq_Transmit_IT
                0x000000002400bd00      0x108 ./Drivers/STM32H7xx_HAL_Driver/Src/stm32h7xx_hal_i2c.o
                0x000000002400bd00                HAL_I2C_Master_Seq_Transmit_IT
 .text.HAL_I2C_Master_Seq_Transmit_DMA
                0x000000002400be08      0x208 ./Drivers/STM32H7xx_HAL_Driver/Src/stm32h7xx_hal_i2c.o
                0x000000002400be08                HAL_I2C_Master_Seq_Transmit_DMA
 .text.HAL_I2C_Master_Seq_Receive_IT
                0x000000002400c010      0x108 ./Drivers/STM32H7xx_HAL_Driver/Src/stm32h7xx_hal_i2c.o
                0x000000002400c010                HAL_I2C_Master_Seq_Receive_IT
 .text.HAL_I2C_Master_Seq_Receive_DMA
                0x000000002400c118      0x208 ./Drivers/STM32H7xx_HAL_Driver/Src/stm32h7xx_hal_i2c.o
                0x000000002400c118                HAL_I2C_Master_Seq_Receive_DMA
 .text.HAL_I2C_Slave_Seq_Transmit_IT
                0x000000002400c320      0x164 ./Drivers/STM32H7xx_HAL_Driver/Src/stm32h7xx_hal_i2c.o
                0x000000002400c320                HAL_I2C_Slave_Seq_Transmit_IT
 .text.HAL_I2C_Slave_Seq_Transmit_DMA
                0x000000002400c484      0x28c ./Drivers/STM32H7xx_HAL_Driver/Src/stm32h7xx_hal_i2c.o
                0x000000002400c484                HAL_I2C_Slave_Seq_Transmit_DMA
 .text.HAL_I2C_Slave_Seq_Receive_IT
                0x000000002400c710      0x164 ./Drivers/STM32H7xx_HAL_Driver/Src/stm32h7xx_hal_i2c.o
                0x000000002400c710                HAL_I2C_Slave_Seq_Receive_IT
 .text.HAL_I2C_Slave_Seq_Receive_DMA
                0x000000002400c874      0x28c ./Drivers/STM32H7xx_HAL_Driver/Src/stm32h7xx_hal_i2c.o
                0x000000002400c874                HAL_I2C_Slave_Seq_Receive_DMA
 .text.HAL_I2C_EnableListen_IT
                0x000000002400cb00       0x40 ./Drivers/STM32H7xx_HAL_Driver/Src/stm32h7xx_hal_i2c.o
                0x000000002400cb00                HAL_I2C_EnableListen_IT
 .text.HAL_I2C_DisableListen_IT
                0x000000002400cb40       0x62 ./Drivers/STM32H7xx_HAL_Driver/Src/stm32h7xx_hal_i2c.o
                0x000000002400cb40                HAL_I2C_DisableListen_IT
 *fill*         0x000000002400cba2        0x2 
 .text.HAL_I2C_Master_Abort_IT
                0x000000002400cba4       0xa0 ./Drivers/STM32H7xx_HAL_Driver/Src/stm32h7xx_hal_i2c.o
                0x000000002400cba4                HAL_I2C_Master_Abort_IT
 .text.HAL_I2C_EV_IRQHandler
                0x000000002400cc44       0x34 ./Drivers/STM32H7xx_HAL_Driver/Src/stm32h7xx_hal_i2c.o
                0x000000002400cc44                HAL_I2C_EV_IRQHandler
 .text.HAL_I2C_ER_IRQHandler
                0x000000002400cc78       0xc2 ./Drivers/STM32H7xx_HAL_Driver/Src/stm32h7xx_hal_i2c.o
                0x000000002400cc78                HAL_I2C_ER_IRQHandler
 .text.HAL_I2C_MasterTxCpltCallback
                0x000000002400cd3a       0x14 ./Drivers/STM32H7xx_HAL_Driver/Src/stm32h7xx_hal_i2c.o
                0x000000002400cd3a                HAL_I2C_MasterTxCpltCallback
 .text.HAL_I2C_MasterRxCpltCallback
                0x000000002400cd4e       0x14 ./Drivers/STM32H7xx_HAL_Driver/Src/stm32h7xx_hal_i2c.o
                0x000000002400cd4e                HAL_I2C_MasterRxCpltCallback
 .text.HAL_I2C_SlaveTxCpltCallback
                0x000000002400cd62       0x14 ./Drivers/STM32H7xx_HAL_Driver/Src/stm32h7xx_hal_i2c.o
                0x000000002400cd62                HAL_I2C_SlaveTxCpltCallback
 .text.HAL_I2C_SlaveRxCpltCallback
                0x000000002400cd76       0x14 ./Drivers/STM32H7xx_HAL_Driver/Src/stm32h7xx_hal_i2c.o
                0x000000002400cd76                HAL_I2C_SlaveRxCpltCallback
 .text.HAL_I2C_AddrCallback
                0x000000002400cd8a       0x1c ./Drivers/STM32H7xx_HAL_Driver/Src/stm32h7xx_hal_i2c.o
                0x000000002400cd8a                HAL_I2C_AddrCallback
 .text.HAL_I2C_ListenCpltCallback
                0x000000002400cda6       0x14 ./Drivers/STM32H7xx_HAL_Driver/Src/stm32h7xx_hal_i2c.o
                0x000000002400cda6                HAL_I2C_ListenCpltCallback
 .text.HAL_I2C_MemTxCpltCallback
                0x000000002400cdba       0x14 ./Drivers/STM32H7xx_HAL_Driver/Src/stm32h7xx_hal_i2c.o
                0x000000002400cdba                HAL_I2C_MemTxCpltCallback
 .text.HAL_I2C_MemRxCpltCallback
                0x000000002400cdce       0x14 ./Drivers/STM32H7xx_HAL_Driver/Src/stm32h7xx_hal_i2c.o
                0x000000002400cdce                HAL_I2C_MemRxCpltCallback
 .text.HAL_I2C_ErrorCallback
                0x000000002400cde2       0x14 ./Drivers/STM32H7xx_HAL_Driver/Src/stm32h7xx_hal_i2c.o
                0x000000002400cde2                HAL_I2C_ErrorCallback
 .text.HAL_I2C_AbortCpltCallback
                0x000000002400cdf6       0x14 ./Drivers/STM32H7xx_HAL_Driver/Src/stm32h7xx_hal_i2c.o
                0x000000002400cdf6                HAL_I2C_AbortCpltCallback
 .text.HAL_I2C_GetState
                0x000000002400ce0a       0x1c ./Drivers/STM32H7xx_HAL_Driver/Src/stm32h7xx_hal_i2c.o
                0x000000002400ce0a                HAL_I2C_GetState
 .text.HAL_I2C_GetMode
                0x000000002400ce26       0x1c ./Drivers/STM32H7xx_HAL_Driver/Src/stm32h7xx_hal_i2c.o
                0x000000002400ce26                HAL_I2C_GetMode
 .text.HAL_I2C_GetError
                0x000000002400ce42       0x18 ./Drivers/STM32H7xx_HAL_Driver/Src/stm32h7xx_hal_i2c.o
                0x000000002400ce42                HAL_I2C_GetError
 .text.I2C_Master_ISR_IT
                0x000000002400ce5a      0x250 ./Drivers/STM32H7xx_HAL_Driver/Src/stm32h7xx_hal_i2c.o
 *fill*         0x000000002400d0aa        0x2 
 .text.I2C_Mem_ISR_IT
                0x000000002400d0ac      0x254 ./Drivers/STM32H7xx_HAL_Driver/Src/stm32h7xx_hal_i2c.o
 .text.I2C_Slave_ISR_IT
                0x000000002400d300      0x206 ./Drivers/STM32H7xx_HAL_Driver/Src/stm32h7xx_hal_i2c.o
 .text.I2C_Master_ISR_DMA
                0x000000002400d506      0x1e6 ./Drivers/STM32H7xx_HAL_Driver/Src/stm32h7xx_hal_i2c.o
 .text.I2C_Mem_ISR_DMA
                0x000000002400d6ec      0x248 ./Drivers/STM32H7xx_HAL_Driver/Src/stm32h7xx_hal_i2c.o
 .text.I2C_Slave_ISR_DMA
                0x000000002400d934      0x3c4 ./Drivers/STM32H7xx_HAL_Driver/Src/stm32h7xx_hal_i2c.o
 .text.I2C_RequestMemoryWrite
                0x000000002400dcf8       0xa8 ./Drivers/STM32H7xx_HAL_Driver/Src/stm32h7xx_hal_i2c.o
 .text.I2C_RequestMemoryRead
                0x000000002400dda0       0xa8 ./Drivers/STM32H7xx_HAL_Driver/Src/stm32h7xx_hal_i2c.o
 .text.I2C_ITAddrCplt
                0x000000002400de48      0x108 ./Drivers/STM32H7xx_HAL_Driver/Src/stm32h7xx_hal_i2c.o
 .text.I2C_ITMasterSeqCplt
                0x000000002400df50       0x7a ./Drivers/STM32H7xx_HAL_Driver/Src/stm32h7xx_hal_i2c.o
 .text.I2C_ITSlaveSeqCplt
                0x000000002400dfca       0xbc ./Drivers/STM32H7xx_HAL_Driver/Src/stm32h7xx_hal_i2c.o
 *fill*         0x000000002400e086        0x2 
 .text.I2C_ITMasterCplt
                0x000000002400e088      0x194 ./Drivers/STM32H7xx_HAL_Driver/Src/stm32h7xx_hal_i2c.o
 .text.I2C_ITSlaveCplt
                0x000000002400e21c      0x3f0 ./Drivers/STM32H7xx_HAL_Driver/Src/stm32h7xx_hal_i2c.o
 .text.I2C_ITListenCplt
                0x000000002400e60c       0xac ./Drivers/STM32H7xx_HAL_Driver/Src/stm32h7xx_hal_i2c.o
 .text.I2C_ITError
                0x000000002400e6b8      0x1e0 ./Drivers/STM32H7xx_HAL_Driver/Src/stm32h7xx_hal_i2c.o
 .text.I2C_TreatErrorCallback
                0x000000002400e898       0x4e ./Drivers/STM32H7xx_HAL_Driver/Src/stm32h7xx_hal_i2c.o
 .text.I2C_Flush_TXDR
                0x000000002400e8e6       0x48 ./Drivers/STM32H7xx_HAL_Driver/Src/stm32h7xx_hal_i2c.o
 .text.I2C_DMAMasterTransmitCplt
                0x000000002400e92e       0x96 ./Drivers/STM32H7xx_HAL_Driver/Src/stm32h7xx_hal_i2c.o
 .text.I2C_DMASlaveTransmitCplt
                0x000000002400e9c4       0x40 ./Drivers/STM32H7xx_HAL_Driver/Src/stm32h7xx_hal_i2c.o
 .text.I2C_DMAMasterReceiveCplt
                0x000000002400ea04       0x96 ./Drivers/STM32H7xx_HAL_Driver/Src/stm32h7xx_hal_i2c.o
 *fill*         0x000000002400ea9a        0x2 
 .text.I2C_DMASlaveReceiveCplt
                0x000000002400ea9c      0x164 ./Drivers/STM32H7xx_HAL_Driver/Src/stm32h7xx_hal_i2c.o
 .text.I2C_DMAError
                0x000000002400ec00      0x274 ./Drivers/STM32H7xx_HAL_Driver/Src/stm32h7xx_hal_i2c.o
 .text.I2C_DMAAbort
                0x000000002400ee74       0x3c ./Drivers/STM32H7xx_HAL_Driver/Src/stm32h7xx_hal_i2c.o
 .text.I2C_WaitOnFlagUntilTimeout
                0x000000002400eeb0       0x9e ./Drivers/STM32H7xx_HAL_Driver/Src/stm32h7xx_hal_i2c.o
 .text.I2C_WaitOnTXISFlagUntilTimeout
                0x000000002400ef4e       0x8e ./Drivers/STM32H7xx_HAL_Driver/Src/stm32h7xx_hal_i2c.o
 .text.I2C_WaitOnSTOPFlagUntilTimeout
                0x000000002400efdc       0x86 ./Drivers/STM32H7xx_HAL_Driver/Src/stm32h7xx_hal_i2c.o
 *fill*         0x000000002400f062        0x2 
 .text.I2C_WaitOnRXNEFlagUntilTimeout
                0x000000002400f064      0x104 ./Drivers/STM32H7xx_HAL_Driver/Src/stm32h7xx_hal_i2c.o
 .text.I2C_IsErrorOccurred
                0x000000002400f168      0x1c0 ./Drivers/STM32H7xx_HAL_Driver/Src/stm32h7xx_hal_i2c.o
 .text.I2C_TransferConfig
                0x000000002400f328       0x64 ./Drivers/STM32H7xx_HAL_Driver/Src/stm32h7xx_hal_i2c.o
 .text.I2C_Enable_IRQ